Component: ARM Compiler 5.06 update 7 (build 960) Tool: armlink [4d3601]

==============================================================================

Section Cross References

    main.o(i.advertising_data_set) refers to memcpya.o(.text) for __aeabi_memcpy4
    main.o(i.advertising_data_set) refers to ble_advdata.o(i.ble_advdata_encode) for ble_advdata_encode
    main.o(i.advertising_data_set) refers to app_error.o(i.app_error_handler_bare) for app_error_handler_bare
    main.o(i.advertising_data_set) refers to main.o(.constdata) for .constdata
    main.o(i.advertising_data_set) refers to main.o(.data) for m_adv_data
    main.o(i.advertising_start) refers to app_error.o(i.app_error_handler_bare) for app_error_handler_bare
    main.o(i.advertising_start) refers to nrf_log_frontend.o(i.nrf_log_frontend_std_1) for nrf_log_frontend_std_1
    main.o(i.advertising_start) refers to main.o(.bss) for m_advertising
    main.o(i.advertising_start) refers to main.o(.data) for m_adv_handle
    main.o(i.advertising_start) refers to nrf_log_frontend.o(log_dynamic_data) for m_nrf_log_app_logs_data_dynamic
    main.o(i.assert_nrf_callback) refers to app_error_handler_keil.o(.emb_text) for app_error_handler
    main.o(i.ble_evt_handler) refers to nrf_log_frontend.o(i.nrf_log_frontend_std_0) for nrf_log_frontend_std_0
    main.o(i.ble_evt_handler) refers to led.o(i.led_on) for led_on
    main.o(i.ble_evt_handler) refers to nrf_ble_qwr.o(i.nrf_ble_qwr_conn_handle_assign) for nrf_ble_qwr_conn_handle_assign
    main.o(i.ble_evt_handler) refers to app_error.o(i.app_error_handler_bare) for app_error_handler_bare
    main.o(i.ble_evt_handler) refers to led.o(i.led_off) for led_off
    main.o(i.ble_evt_handler) refers to main.o(i.advertising_start) for advertising_start
    main.o(i.ble_evt_handler) refers to nrf_log_frontend.o(log_dynamic_data) for m_nrf_log_app_logs_data_dynamic
    main.o(i.ble_evt_handler) refers to main.o(.data) for m_conn_handle
    main.o(i.ble_evt_handler) refers to main.o(.bss) for m_qwr
    main.o(i.ble_evt_handler) refers to main.o(.constdata) for .constdata
    main.o(i.ble_send_string) refers to ble_nus.o(i.ble_nus_data_send) for ble_nus_data_send
    main.o(i.ble_send_string) refers to app_error.o(i.app_error_handler_bare) for app_error_handler_bare
    main.o(i.ble_send_string) refers to main.o(.data) for m_conn_handle
    main.o(i.ble_stack_init) refers to nrf_sdh.o(i.nrf_sdh_enable_request) for nrf_sdh_enable_request
    main.o(i.ble_stack_init) refers to app_error.o(i.app_error_handler_bare) for app_error_handler_bare
    main.o(i.ble_stack_init) refers to nrf_sdh_ble.o(i.nrf_sdh_ble_default_cfg_set) for nrf_sdh_ble_default_cfg_set
    main.o(i.ble_stack_init) refers to nrf_sdh_ble.o(i.nrf_sdh_ble_enable) for nrf_sdh_ble_enable
    main.o(i.conn_params_error_handler) refers to app_error.o(i.app_error_handler_bare) for app_error_handler_bare
    main.o(i.conn_params_init) refers to memseta.o(.text) for __aeabi_memclr4
    main.o(i.conn_params_init) refers to ble_conn_params.o(i.ble_conn_params_init) for ble_conn_params_init
    main.o(i.conn_params_init) refers to app_error.o(i.app_error_handler_bare) for app_error_handler_bare
    main.o(i.conn_params_init) refers to main.o(i.on_conn_params_evt) for on_conn_params_evt
    main.o(i.conn_params_init) refers to main.o(i.conn_params_error_handler) for conn_params_error_handler
    main.o(i.gap_params_init) refers to app_error.o(i.app_error_handler_bare) for app_error_handler_bare
    main.o(i.gatt_evt_handler) refers to nrf_log_frontend.o(i.nrf_log_frontend_std_2) for nrf_log_frontend_std_2
    main.o(i.gatt_evt_handler) refers to main.o(.data) for m_conn_handle
    main.o(i.gatt_evt_handler) refers to nrf_log_frontend.o(log_dynamic_data) for m_nrf_log_app_logs_data_dynamic
    main.o(i.gatt_init) refers to nrf_ble_gatt.o(i.nrf_ble_gatt_init) for nrf_ble_gatt_init
    main.o(i.gatt_init) refers to app_error.o(i.app_error_handler_bare) for app_error_handler_bare
    main.o(i.gatt_init) refers to nrf_ble_gatt.o(i.nrf_ble_gatt_att_mtu_periph_set) for nrf_ble_gatt_att_mtu_periph_set
    main.o(i.gatt_init) refers to main.o(i.gatt_evt_handler) for gatt_evt_handler
    main.o(i.gatt_init) refers to main.o(.bss) for m_gatt
    main.o(i.log_init) refers to nrf_log_frontend.o(i.nrf_log_init) for nrf_log_init
    main.o(i.log_init) refers to app_error.o(i.app_error_handler_bare) for app_error_handler_bare
    main.o(i.log_init) refers to nrf_log_default_backends.o(i.nrf_log_default_backends_init) for nrf_log_default_backends_init
    main.o(i.main) refers to main.o(i.log_init) for log_init
    main.o(i.main) refers to uart_init.o(i.timers_init) for timers_init
    main.o(i.main) refers to main.o(i.ble_stack_init) for ble_stack_init
    main.o(i.main) refers to main.o(i.gap_params_init) for gap_params_init
    main.o(i.main) refers to main.o(i.gatt_init) for gatt_init
    main.o(i.main) refers to main.o(i.services_init) for services_init
[...]
    u16_Uart_Txdata_Count                    0x20002b9c   Data           2  main.o(.data)
    u16_Expect_Receive_Len                   0x20002b9e   Data           2  main.o(.data)
    nrf_drv_uart_use_easy_dma                0x20002c04   Data           2  nrf_drv_uart.o(.data)
    Rotation_Speed_rpm                       0x20002ce0   Data           2  motormove.o(.data)
    ACC_rad_s2                               0x20002ce2   Data           2  motormove.o(.data)
    Position_Motor_rot                       0x20002ce4   Data           2  motormove.o(.data)
    Motor_Stop_flag                          0x20002ce6   Data           1  motormove.o(.data)
    Motor_Axisoff_flag                       0x20002ce7   Data           1  motormove.o(.data)
    Motor_UPD_flag                           0x20002ce8   Data           1  motormove.o(.data)
    CPR_flag                                 0x20002ce9   Data           1  motormove.o(.data)
    result                                   0x20002cea   Data           2  motormove.o(.data)
    M_state_flag                             0x20002cec   Data           1  motormove.o(.data)
    Motor_mstate                             0x20002ced   Data           1  motormove.o(.data)
    Motor_drv                                0x20002cf0   Data           8  tml_register.o(.data)
    No_encoder_lines                         0x20002cf8   Data           4  tml_register.o(.data)
    Tr                                       0x20002cfc   Data           4  tml_register.o(.data)
    Ts                                       0x20002d00   Data           4  tml_register.o(.data)
    ack_received_flag                        0x20002d04   Data           1  uart_init.o(.data)
    ack_waiting_flag                         0x20002d05   Data           1  uart_init.o(.data)
    handle_flag                              0x20002d06   Data           1  uart_init.o(.data)
    rdata_byte                               0x20002d07   Data           1  uart_init.o(.data)
    re_index                                 0x20002d08   Data           1  uart_init.o(.data)
    uart_state                               0x20002d09   Data           1  uart_init.o(.data)
    SystemCoreClock                          0x20002d0c   Data           4  system_nrf52840.o(.data)
    log_dynamic_data$$Base                   0x20002d10   Number         0  nrf_ble_gatt.o(log_dynamic_data)
    m_nrf_log_nrf_ble_gatt_logs_data_dynamic 0x20002d10   Data           4  nrf_ble_gatt.o(log_dynamic_data)
    m_nrf_log_ble_nus_logs_data_dynamic      0x20002d14   Data           4  ble_nus.o(log_dynamic_data)
    m_nrf_log_clock_logs_data_dynamic        0x20002d18   Data           4  nrf_drv_clock.o(log_dynamic_data)
    m_nrf_log_CLOCK_logs_data_dynamic        0x20002d1c   Data           4  nrfx_clock.o(log_dynamic_data)
    m_nrf_log_GPIOTE_logs_data_dynamic       0x20002d20   Data           4  nrfx_gpiote.o(log_dynamic_data)
    m_nrf_log_PRS_logs_data_dynamic          0x20002d24   Data           4  nrfx_prs.o(log_dynamic_data)
    m_nrf_log_UART_logs_data_dynamic         0x20002d28   Data           4  nrfx_uart.o(log_dynamic_data)
    m_nrf_log_UARTE_logs_data_dynamic        0x20002d2c   Data           4  nrfx_uarte.o(log_dynamic_data)
    m_nrf_log_TIMER_logs_data_dynamic        0x20002d30   Data           4  nrfx_timer.o(log_dynamic_data)
    m_nrf_log_PWM_logs_data_dynamic          0x20002d34   Data           4  nrfx_pwm.o(log_dynamic_data)
    m_nrf_log_nrf_fstorage_logs_data_dynamic 0x20002d38   Data           4  nrf_fstorage.o(log_dynamic_data)
    m_nrf_log_atfifo_m_fifo_logs_data_dynamic 0x20002d3c   Data           4  nrf_fstorage_sd.o(log_dynamic_data)
    m_nrf_log_pwr_mgmt_logs_data_dynamic     0x20002d40   Data           4  nrf_pwr_mgmt.o(log_dynamic_data)
    m_nrf_log_balloc_log_mempool_logs_data_dynamic 0x20002d44   Data           4  nrf_log_frontend.o(log_dynamic_data)
    m_nrf_log_app_logs_data_dynamic          0x20002d48   Data           4  nrf_log_frontend.o(log_dynamic_data)
    m_nrf_log_nrf_sdh_logs_data_dynamic      0x20002d4c   Data           4  nrf_sdh.o(log_dynamic_data)
    m_nrf_log_nrf_sdh_ble_logs_data_dynamic  0x20002d50   Data           4  nrf_sdh_ble.o(log_dynamic_data)
    m_nrf_log_nrf_sdh_soc_logs_data_dynamic  0x20002d54   Data           4  nrf_sdh_soc.o(log_dynamic_data)
    m_nrf_log_queue_pending_event_queue_logs_data_dynamic 0x20002d58   Data           4  event.o(log_dynamic_data)
    el                                       0x20002d5c   Data          36  main.o(.bss)
    u8_Uart_RxBuff                           0x20002d80   Data          64  main.o(.bss)
    u8_Uart_TxBuff                           0x20002dc0   Data          64  main.o(.bss)
    nrf_nvic_state                           0x200037c4   Data          12  app_util_platform.o(.bss)
    m_pwm_ready_counter                      0x20003884   Data          10  app_pwm.o(.bss)
    _SEGGER_RTT                              0x20003dc8   Data         120  segger_rtt.o(.bss)
    rdata_info                               0x20005074   Data          12  uart_init.o(.bss)
    rdata_buf                                0x20005080   Data         256  uart_init.o(.bss)
    __initial_sp                             0x200075a0   Data           0  arm_startup_nrf52840.o(STACK)



==============================================================================

Memory Map of the image

  Image Entry point : 0x00026201

  Load Region LR_IROM1 (Base: 0x00026000, Size: 0x0000b428, Max: 0x000da000, ABSOLUTE, COMPRESSED[0x0000b2d0])

    Execution Region ER_IROM1 (Exec base: 0x00026000, Load base: 0x00026000, Size: 0x0000b264, Max: 0x000da000, ABSOLUTE)

    Exec Addr    Load Addr    Size         Type   Attr      Idx    E Section Name        Object

    0x00026000   0x00026000   0x00000200   Data   RO         7709    RESET               arm_startup_nrf52840.o
    0x00026200   0x00026200   0x00000000   Code   RO         7798  * .ARM.Collect$$$$00000000  mc_w.l(entry.o)
    0x00026200   0x00026200   0x00000004   Code   RO         7863    .ARM.Collect$$$$00000001  mc_w.l(entry2.o)
    0x00026204   0x00026204   0x00000004   Code   RO         7866    .ARM.Collect$$$$00000004  mc_w.l(entry5.o)
    0x00026208   0x00026208   0x00000000   Code   RO         7868    .ARM.Collect$$$$00000008  mc_w.l(entry7b.o)
    0x00026208   0x00026208   0x00000000   Code   RO         7870    .ARM.Collect$$$$0000000A  mc_w.l(entry8b.o)
    0x00026208   0x00026208   0x00000008   Code   RO         7871    .ARM.Collect$$$$0000000B  mc_w.l(entry9a.o)
    0x00026210   0x00026210   0x00000004   Code   RO         7878    .ARM.Collect$$$$0000000E  mc_w.l(entry12b.o)
    0x00026214   0x00026214   0x00000000   Code   RO         7873    .ARM.Collect$$$$0000000F  mc_w.l(entry10a.o)
    0x00026214   0x00026214   0x00000000   Code   RO         7875    .ARM.Collect$$$$00000011  mc_w.l(entry11a.o)
    0x00026214   0x00026214   0x00000004   Code   RO         7864    .ARM.Collect$$$$00002712  mc_w.l(entry2.o)
    0x00026218   0x00026218   0x000000c8   Code   RO         4756    .emb_text           nrf_atfifo.o
    0x000262e0   0x000262e0   0x000000e2   Code   RO         4898    .emb_text           nrf_atomic.o
    0x000263c2   0x000263c2   0x00000002   PAD
    0x000263c4   0x000263c4   0x00000024   Code   RO         7710    .text               arm_startup_nrf52840.o
    0x000263e8   0x000263e8   0x00000062   Code   RO         7801    .text               mc_w.l(uldiv.o)
    0x0002644a   0x0002644a   0x0000001e   Code   RO         7803    .text               mc_w.l(llshl.o)
    0x00026468   0x00026468   0x00000008   Code   RO         7805    .text               mc_w.l(ctype_o.o)
    0x00026470   0x00026470   0x00000024   Code   RO         7833    .text               mc_w.l(memcpya.o)
    0x00026494   0x00026494   0x00000024   Code   RO         7835    .text               mc_w.l(memseta.o)
    0x000264b8   0x000264b8   0x0000000e   Code   RO         7837    .text               mc_w.l(strlen.o)
    0x000264c6   0x000264c6   0x00000012   Code   RO         7841    .text               mc_w.l(strcpy.o)
    0x000264d8   0x000264d8   0x0000014e   Code   RO         7845    .text               mf_w.l(dadd.o)
    0x00026626   0x00026626   0x000000e4   Code   RO         7847    .text               mf_w.l(dmul.o)
    0x0002670a   0x0002670a   0x000000de   Code   RO         7849    .text               mf_w.l(ddiv.o)
    0x000267e8   0x000267e8   0x00000032   Code   RO         7857    .text               mf_w.l(dfixui.o)
    0x0002681a   0x0002681a   0x00000026   Code   RO         7859    .text               mf_w.l(f2d.o)
    0x00026840   0x00026840   0x00000038   Code   RO         7861    .text               mf_w.l(d2f.o)
    0x00026878   0x00026878   0x00000020   Code   RO         7879    .text               mc_w.l(llushr.o)
    0x00026898   0x00026898   0x00000024   Code   RO         7881    .text               mc_w.l(llsshr.o)
    0x000268bc   0x000268bc   0x00000000   Code   RO         7883    .text               mc_w.l(iusefp.o)
    0x000268bc   0x000268bc   0x0000006e   Code   RO         7884    .text               mf_w.l(fepilogue.o)
    0x0002692a   0x0002692a   0x000000ba   Code   RO         7886    .text               mf_w.l(depilogue.o)
    0x000269e4   0x000269e4   0x00000088   Code   RO         7888    .text               mf_w.l(drnd.o)
    0x00026a6c   0x00026a6c   0x00000030   Code   RO         7890    .text               mf_w.l(cdcmple.o)
    0x00026a9c   0x00026a9c   0x00000030   Code   RO         7892    .text               mf_w.l(cdrcmple.o)
    0x00026acc   0x00026acc   0x00000024   Code   RO         7894    .text               mc_w.l(init.o)
    0x00026af0   0x00026af0   0x00000056   Code   RO         7904    .text               mc_w.l(__dczerorl2.o)
    0x00026b46   0x00026b46   0x00000002   PAD
    0x00026b48   0x00026b48   0x0000022c   Code   RO         2632    i.GPIOTE_IRQHandler  nrfx_gpiote.o
    0x00026d74   0x00026d74   0x00000006   Code   RO         7033    i.INIT_LIST_HEAD    event.o
    0x00026d7a   0x00026d7a   0x00000002   PAD
    0x00026d7c   0x00026d7c   0x00000020   Code   RO         7328    i.Motor_APOS_inquire  motorinfo.o
    0x00026d9c   0x00026d9c   0x00000020   Code   RO         7329    i.Motor_ASPD_inquire  motorinfo.o
    0x00026dbc   0x00026dbc   0x0000001c   Code   RO         7415    i.Motor_Axisoff     motormove.o
    0x00026dd8   0x00026dd8   0x00000018   Code   RO         7416    i.Motor_Axisoff_command  motormove.o
    0x00026df0   0x00026df0   0x00000124   Code   RO         7419    i.Motor_CACC        motormove.o
    0x00026f14   0x00026f14   0x00000020   Code   RO         7420    i.Motor_CPA         motormove.o
    0x00026f34   0x00026f34   0x000000ac   Code   RO         7421    i.Motor_CPOS        motormove.o
    0x00026fe0   0x00026fe0   0x0000011c   Code   RO         7423    i.Motor_CSPD        motormove.o
    0x000270fc   0x000270fc   0x00000020   Code   RO         7425    i.Motor_MODE_SP     motormove.o
    0x0002711c   0x0002711c   0x00000020   Code   RO         7426    i.Motor_Mode_PP     motormove.o
    0x0002713c   0x0002713c   0x0000001c   Code   RO         7428    i.Motor_Stop        motormove.o
    0x00027158   0x00027158   0x00000040   Code   RO         7429    i.Motor_Stop_command  motormove.o
    0x00027198   0x00027198   0x00000020   Code   RO         7430    i.Motor_TUM1        motormove.o
    0x000271b8   0x000271b8   0x0000001c   Code   RO         7431    i.Motor_UPD         motormove.o
    0x000271d4   0x000271d4   0x00000018   Code   RO         7433    i.Motor_UPD_command  motormove.o
    0x000271ec   0x000271ec   0x00000028   Code   RO         7335    i.Motor_info_inquire  motorinfo.o
    0x00027214   0x00027214   0x00000018   Code   RO         4308    i.NVIC_ClearPendingIRQ  app_timer.o
    0x0002722c   0x0002722c   0x00000016   Code   RO         4309    i.NVIC_EnableIRQ    app_timer.o
    0x00027242   0x00027242   0x00000002   PAD
    0x00027244   0x00027244   0x00000018   Code   RO         4310    i.NVIC_SetPendingIRQ  app_timer.o
    0x0002725c   0x0002725c   0x00000028   Code   RO         4311    i.NVIC_SetPriority  app_timer.o
    0x00027284   0x00027284   0x00000040   Code   RO         7717    i.NVIC_SystemReset  system_nrf52840.o
    0x000272c4   0x000272c4   0x00000038   Code   RO         7435    i.POSITION_MODE     motormove.o
    0x000272fc   0x000272fc   0x00000054   Code   RO         2480    i.POWER_CLOCK_IRQHandler  nrfx_clock.o
    0x00027350   0x00027350   0x00000014   Code   RO         3675    i.PWM0_IRQHandler   nrfx_pwm.o
    0x00027364   0x00027364   0x00000034   Code   RO         4312    i.RTC1_IRQHandler   app_timer.o
    0x00027398   0x00027398   0x00000008   Code   RO         6343    i.SEGGER_RTT_Init   segger_rtt.o
    0x000273a0   0x000273a0   0x00000084   Code   RO         6357    i.SEGGER_RTT_WriteNoLock  segger_rtt.o
    0x00027424   0x00027424   0x00000028   Code   RO         7436    i.SPEED_MODE        motormove.o
    0x0002744c   0x0002744c   0x00000008   Code   RO         4313    i.SWI0_EGU0_IRQHandler  app_timer.o
    0x00027454   0x00027454   0x00000008   Code   RO         6595    i.SWI2_EGU2_IRQHandler  nrf_sdh.o
    0x0002745c   0x0002745c   0x00000010   Code   RO         7718    i.SystemCoreClockUpdate  system_nrf52840.o
    0x0002746c   0x0002746c   0x00000238   Code   RO         7719    i.SystemInit        system_nrf52840.o
    0x000276a4   0x000276a4   0x00000018   Code   RO         3503    i.TIMER1_IRQHandler  nrfx_timer.o
    0x000276bc   0x000276bc   0x00000018   Code   RO         3504    i.TIMER2_IRQHandler  nrfx_timer.o
    0x000276d4   0x000276d4   0x000003d8   Code   RO         7591    i.TML_Register_match  tml_register.o
    0x00027aac   0x00027aac   0x0000000c   Code   RO         7437    i.TORQUE_MODE       motormove.o
    0x00027ab8   0x00027ab8   0x00000010   Code   RO         2988    i.UARTE0_UART0_IRQHandler  nrfx_prs.o
    0x00027ac8   0x00027ac8   0x0000005c   Code   RO         7621    i.UART_Init_115200  uart_init.o
    0x00027b24   0x00027b24   0x00000064   Code   RO         7623    i.UART_WriteData    uart_init.o
    0x00027b88   0x00027b88   0x00000070   Code   RO         6361    i._DoInit           segger_rtt.o
    0x00027bf8   0x00027bf8   0x0000001c   Code   RO         6362    i._GetAvailWriteSpace  segger_rtt.o
    0x00027c14   0x00027c14   0x00000072   Code   RO         6364    i._WriteBlocking    segger_rtt.o
    0x00027c86   0x00027c86   0x0000004c   Code   RO         6365    i._WriteNoCheck     segger_rtt.o
    0x00027cd2   0x00027cd2   0x00000002   PAD
    0x00027cd4   0x00027cd4   0x00000040   Code   RO         7438    i.__Motor_state     motormove.o
    0x00027d14   0x00027d14   0x00000044   Code   RO         6852    i.__ble_rxdata_handler  mb_slave_ble.o
    0x00027d58   0x00027d58   0x0000000c   Code   RO          877    i.__dev_start_if    wirefeeder.o
    0x00027d64   0x00027d64   0x00000018   Code   RO          878    i.__dev_stop_if     wirefeeder.o
    0x00027d7c   0x00027d7c   0x0000006a   Code   RO         7034    i.__event_fifo_priority_push  event.o
    0x00027de6   0x00027de6   0x00000002   PAD
    0x00027de8   0x00027de8   0x000000e0   Code   RO         7794    i.__hardfp_round    m_wm.l(round.o)
    0x00027ec8   0x00027ec8   0x0000000a   Code   RO         7037    i.__list_add        event.o
    0x00027ed2   0x00027ed2   0x0000000a   Code   RO         7186    i.__list_add        event_pool.o
    0x00027edc   0x00027edc   0x000002b8   Code   RO         6853    i.__mb_data_handler  mb_slave_ble.o
    0x00028194   0x00028194   0x00000042   Code   RO         6854    i.__mb_error_code_respond  mb_slave_ble.o
    0x000281d6   0x000281d6   0x0000001e   Code   RO         6855    i.__mb_slave_get_reg  mb_slave_ble.o
    0x000281f4   0x000281f4   0x000000c4   Code   RO         6856    i.__mb_slave_update_coil  mb_slave_ble.o
    0x000282b8   0x000282b8   0x0000004e   Code   RO         6857    i.__mb_slave_update_coils  mb_slave_ble.o
    0x00028306   0x00028306   0x00000002   PAD
    0x00028308   0x00028308   0x000000f8   Code   RO         6858    i.__mb_slave_update_reg  mb_slave_ble.o
    0x00028400   0x00028400   0x00000014   Code   RO          880    i.__pid_params_clean  wirefeeder.o
    0x00028414   0x00028414   0x0000000e   Code   RO         7898    i.__scatterload_copy  mc_w.l(handlers.o)
    0x00028422   0x00028422   0x00000002   Code   RO         7899    i.__scatterload_null  mc_w.l(handlers.o)
    0x00028424   0x00028424   0x0000000e   Code   RO         7900    i.__scatterload_zeroinit  mc_w.l(handlers.o)
    0x00028432   0x00028432   0x00000002   PAD
    0x00028434   0x00028434   0x00000038   Code   RO         6596    i.__sd_nvic_app_accessible_irq  nrf_sdh.o
    0x0002846c   0x0002846c   0x0000000c   Code   RO         4633    i.__sd_nvic_irq_disable  app_util_platform.o
    0x00028478   0x00028478   0x00000118   Code   RO          883    i.__seg_switch      wirefeeder.o
    0x00028590   0x00028590   0x0000009c   Code   RO          884    i.__speed_setting_if  wirefeeder.o
    0x0002862c   0x0002862c   0x00000034   Code   RO          886    i.__wfr_pull        wirefeeder.o
    0x00028660   0x00028660   0x00000058   Code   RO          888    i.__wfr_push        wirefeeder.o
    0x000286b8   0x000286b8   0x00000064   Code   RO          889    i.__wfr_rollback    wirefeeder.o
    0x0002871c   0x0002871c   0x0000001a   Code   RO          890    i.__wfr_speed_2_pwm_duty_x10  wirefeeder.o
    0x00028736   0x00028736   0x00000018   Code   RO         1490    i.addr_is_valid     ble_advertising.o
    0x0002874e   0x0002874e   0x00000058   Code   RO         1491    i.adv_mode_next_avail_get  ble_advertising.o
    0x000287a6   0x000287a6   0x00000012   Code   RO         1492    i.adv_mode_next_get  ble_advertising.o
    0x000287b8   0x000287b8   0x00000054   Code   RO         1301    i.advertising_buttons_configure  bsp_btn_ble.o
    0x0002880c   0x0002880c   0x00000068   Code   RO            4    i.advertising_data_set  main.o
    0x00028874   0x00028874   0x0000007c   Code   RO            5    i.advertising_start  main.o
    0x000288f0   0x000288f0   0x000000b4   Code   RO         4126    i.app_error_fault_handler  app_error_weak.o
    0x000289a4   0x000289a4   0x0000001c   Code   RO         4066    i.app_error_handler_bare  app_error.o
    0x000289c0   0x000289c0   0x0000001e   Code   RO         4170    i.app_fifo_get      app_fifo.o
    0x000289de   0x000289de   0x00000024   Code   RO         4171    i.app_fifo_init     app_fifo.o
    0x00028a02   0x00028a02   0x00000022   Code   RO         4173    i.app_fifo_put      app_fifo.o
    0x00028a24   0x00028a24   0x00000050   Code   RO         5652    i.app_pwm_busy_check  app_pwm.o
    0x00028a74   0x00028a74   0x00000026   Code   RO         5654    i.app_pwm_channel_duty_set  app_pwm.o
    0x00028a9a   0x00028a9a   0x00000002   PAD
    0x00028a9c   0x00028a9c   0x00000088   Code   RO         5656    i.app_pwm_channel_duty_ticks_set  app_pwm.o
    0x00028b24   0x00028b24   0x00000028   Code   RO         5657    i.app_pwm_channel_duty_x10_set  app_pwm.o
    0x00028b4c   0x00028b4c   0x0000000a   Code   RO         5659    i.app_pwm_cycle_ticks_get  app_pwm.o
    0x00028b56   0x00028b56   0x00000086   Code   RO         5660    i.app_pwm_disable   app_pwm.o
    0x00028bdc   0x00028bdc   0x00000084   Code   RO         5661    i.app_pwm_enable    app_pwm.o
    0x00028c60   0x00028c60   0x0000003c   Code   RO         4316    i.app_timer_create  app_timer.o
    0x00028c9c   0x00028c9c   0x0000005c   Code   RO         4317    i.app_timer_init    app_timer.o
    0x00028cf8   0x00028cf8   0x00000054   Code   RO         4320    i.app_timer_start   app_timer.o
    0x00028d4c   0x00028d4c   0x00000030   Code   RO         4321    i.app_timer_stop    app_timer.o
    0x00028d7c   0x00028d7c   0x00000054   Code   RO         4535    i.app_uart_get      app_uart_fifo.o
    0x00028dd0   0x00028dd0   0x000000dc   Code   RO         4536    i.app_uart_init     app_uart_fifo.o
    0x00028eac   0x00028eac   0x0000006c   Code   RO         4537    i.app_uart_put      app_uart_fifo.o
    0x00028f18   0x00028f18   0x0000000c   Code   RO         4634    i.app_util_critical_region_enter  app_util_platform.o
    0x00028f24   0x00028f24   0x00000048   Code   RO         4635    i.app_util_critical_region_exit  app_util_platform.o
    0x00028f6c   0x00028f6c   0x00000052   Code   RO         1363    i.appearance_encode  ble_advdata.o
    0x00028fbe   0x00028fbe   0x0000007c   Code   RO         3039    i.apply_config      nrfx_uart.o
    0x0002903a   0x0002903a   0x0000007c   Code   RO         3289    i.apply_config      nrfx_uarte.o
    0x000290b6   0x000290b6   0x00000010   Code   RO         3811    i.are_app_channels  nrfx_ppi.o
    0x000290c6   0x000290c6   0x00000002   PAD
    0x000290c8   0x000290c8   0x00000038   Code   RO         6071    i.backend_id_assign  nrf_log_frontend.o
    0x00029100   0x00029100   0x0000006c   Code   RO         1928    i.blcm_link_ctx_get  ble_link_ctx_manager.o
    0x0002916c   0x0002916c   0x0000016c   Code   RO         1365    i.ble_advdata_encode  ble_advdata.o
    0x000292d8   0x000292d8   0x00000028   Code   RO         1367    i.ble_advdata_parse  ble_advdata.o
    0x00029300   0x00029300   0x00000040   Code   RO         1368    i.ble_advdata_search  ble_advdata.o
    0x00029340   0x00029340   0x0000003c   Code   RO         1496    i.ble_advertising_on_ble_evt  ble_advertising.o
    0x0002937c   0x0002937c   0x00000040   Code   RO         1497    i.ble_advertising_on_sys_evt  ble_advertising.o
    0x000293bc   0x000293bc   0x00000180   Code   RO         1500    i.ble_advertising_start  ble_advertising.o
    0x0002953c   0x0002953c   0x0000009c   Code   RO         1649    i.ble_conn_params_init  ble_conn_params.o
    0x000295d8   0x000295d8   0x00000014   Code   RO         1749    i.ble_conn_state_conn_idx  ble_conn_state.o
    0x000295ec   0x000295ec   0x0000001c   Code   RO         1762    i.ble_conn_state_valid  ble_conn_state.o
    0x00029608   0x00029608   0x00000076   Code   RO         1371    i.ble_device_addr_encode  ble_advdata.o
    0x0002967e   0x0002967e   0x00000002   PAD
    0x00029680   0x00029680   0x00000158   Code   RO            7    i.ble_evt_handler   main.o
    0x000297d8   0x000297d8   0x00000078   Code   RO         1302    i.ble_evt_handler   bsp_btn_ble.o
    0x00029850   0x00029850   0x00000040   Code   RO         1651    i.ble_evt_handler   ble_conn_params.o
    0x00029890   0x00029890   0x000000b4   Code   RO         1763    i.ble_evt_handler   ble_conn_state.o
    0x00029944   0x00029944   0x0000007a   Code   RO         2198    i.ble_nus_data_send  ble_nus.o
    0x000299be   0x000299be   0x00000002   PAD
    0x000299c0   0x000299c0   0x0000008c   Code   RO         2199    i.ble_nus_init      ble_nus.o
    0x00029a4c   0x00029a4c   0x00000044   Code   RO         2200    i.ble_nus_on_ble_evt  ble_nus.o
    0x00029a90   0x00029a90   0x00000044   Code   RO            8    i.ble_send_string   main.o
    0x00029ad4   0x00029ad4   0x00000012   Code   RO         1954    i.ble_srv_is_notification_enabled  ble_srv_common.o
    0x00029ae6   0x00029ae6   0x00000056   Code   RO            9    i.ble_stack_init    main.o
    0x00029b3c   0x00029b3c   0x0000005c   Code   RO         1192    i.bsp_event_to_button_action_assign  bsp.o
    0x00029b98   0x00029b98   0x000000e4   Code   RO         6072    i.buf_prealloc      nrf_log_frontend.o
    0x00029c7c   0x00029c7c   0x00000020   Code   RO         5123    i.buffer_add        nrf_fprintf_format.o
    0x00029c9c   0x00029c9c   0x00000018   Code   RO         6073    i.buffer_is_empty   nrf_log_frontend.o
    0x00029cb4   0x00029cb4   0x00000010   Code   RO         2634    i.channel_handler_get  nrfx_gpiote.o
    0x00029cc4   0x00029cc4   0x0000000c   Code   RO         2636    i.channel_port_get  nrfx_gpiote.o
    0x00029cd0   0x00029cd0   0x00000030   Code   RO         2268    i.clock_clk_started_notify  nrf_drv_clock.o
    0x00029d00   0x00029d00   0x00000028   Code   RO         2269    i.clock_irq_handler  nrf_drv_clock.o
    0x00029d28   0x00029d28   0x00000090   Code   RO         4323    i.compare_reg_update  app_timer.o
    0x00029db8   0x00029db8   0x0000003c   Code   RO         1764    i.conn_handle_list_get  ble_conn_state.o
    0x00029df4   0x00029df4   0x0000005a   Code   RO         1372    i.conn_int_check    ble_advdata.o
    0x00029e4e   0x00029e4e   0x00000068   Code   RO         1373    i.conn_int_encode   ble_advdata.o
    0x00029eb6   0x00029eb6   0x00000010   Code   RO           10    i.conn_params_error_handler  main.o
    0x00029ec6   0x00029ec6   0x00000002   PAD
    0x00029ec8   0x00029ec8   0x0000005c   Code   RO           11    i.conn_params_init  main.o
    0x00029f24   0x00029f24   0x00000054   Code   RO         1652    i.conn_params_negotiation  ble_conn_params.o
    0x00029f78   0x00029f78   0x00000054   Code   RO         1305    i.connection_buttons_configure  bsp_btn_ble.o
    0x00029fcc   0x00029fcc   0x000000d8   Code   RO         2020    i.data_length_update  nrf_ble_gatt.o
    0x0002a0a4   0x0002a0a4   0x00000018   Code   RO         6075    i.dropped_sat16_get  nrf_log_frontend.o
    0x0002a0bc   0x0002a0bc   0x00000064   Code   RO         4324    i.elapsed_ticks_acquire  app_timer.o
    0x0002a120   0x0002a120   0x00000058   Code   RO         5257    i.erase             nrf_fstorage_sd.o
    0x0002a178   0x0002a178   0x0000000e   Code   RO         5258    i.erase_execute     nrf_fstorage_sd.o
    0x0002a186   0x0002a186   0x00000002   PAD
    0x0002a188   0x0002a188   0x0000001c   Code   RO         7720    i.errata_103        system_nrf52840.o
    0x0002a1a4   0x0002a1a4   0x0000001c   Code   RO         7721    i.errata_115        system_nrf52840.o
    0x0002a1c0   0x0002a1c0   0x0000001c   Code   RO         7722    i.errata_120        system_nrf52840.o
    0x0002a1dc   0x0002a1dc   0x00000038   Code   RO         7723    i.errata_136        system_nrf52840.o
    0x0002a214   0x0002a214   0x00000038   Code   RO         7724    i.errata_36         system_nrf52840.o
    0x0002a24c   0x0002a24c   0x00000038   Code   RO         7725    i.errata_66         system_nrf52840.o
    0x0002a284   0x0002a284   0x0000001c   Code   RO         7726    i.errata_98         system_nrf52840.o
    0x0002a2a0   0x0002a2a0   0x00000028   Code   RO         7039    i.event_init        event.o
    0x0002a2c8   0x0002a2c8   0x00000036   Code   RO         7042    i.event_loop_event_post  event.o
    0x0002a2fe   0x0002a2fe   0x00000024   Code   RO         7044    i.event_loop_init   event.o
    0x0002a322   0x0002a322   0x00000002   PAD
    0x0002a324   0x0002a324   0x00000020   Code   RO         7187    i.event_pool_alloc  event_pool.o
    0x0002a344   0x0002a344   0x00000018   Code   RO         7188    i.event_pool_free   event_pool.o
    0x0002a35c   0x0002a35c   0x00000038   Code   RO         7189    i.event_pool_init   event_pool.o
    0x0002a394   0x0002a394   0x00000068   Code   RO         5259    i.event_send        nrf_fstorage_sd.o
    0x0002a3fc   0x0002a3fc   0x00000058   Code   RO         4325    i.expired_timers_handler  app_timer.o
    0x0002a454   0x0002a454   0x00000018   Code   RO         4176    i.fifo_get          app_fifo.o
    0x0002a46c   0x0002a46c   0x0000000a   Code   RO         4177    i.fifo_length       app_fifo.o
    0x0002a476   0x0002a476   0x0000000a   Code   RO         4540    i.fifo_length       app_uart_fifo.o
    0x0002a480   0x0002a480   0x00000012   Code   RO         4178    i.fifo_peek         app_fifo.o
    0x0002a492   0x0002a492   0x00000012   Code   RO         4179    i.fifo_put          app_fifo.o
    0x0002a4a4   0x0002a4a4   0x00000036   Code   RO         1374    i.flags_encode      ble_advdata.o
    0x0002a4da   0x0002a4da   0x0000002a   Code   RO         1503    i.flags_set         ble_advertising.o
    0x0002a504   0x0002a504   0x0000000a   Code   RO         1504    i.flash_access_in_progress  ble_advertising.o
    0x0002a50e   0x0002a50e   0x00000002   PAD
    0x0002a510   0x0002a510   0x00000080   Code   RO           12    i.gap_params_init   main.o
    0x0002a590   0x0002a590   0x00000064   Code   RO           13    i.gatt_evt_handler  main.o
    0x0002a5f4   0x0002a5f4   0x00000044   Code   RO           14    i.gatt_init         main.o
    0x0002a638   0x0002a638   0x0000003c   Code   RO         5260    i.init              nrf_fstorage_sd.o
    0x0002a674   0x0002a674   0x0000003e   Code   RO         7624    i.init_gpio         uart_init.o
    0x0002a6b2   0x0002a6b2   0x00000002   PAD
    0x0002a6b4   0x0002a6b4   0x0000002c   Code   RO         1653    i.instance_get      ble_conn_params.o
    0x0002a6e0   0x0002a6e0   0x000000be   Code   RO         5124    i.int_print         nrf_fprintf_format.o
    0x0002a79e   0x0002a79e   0x00000002   PAD
    0x0002a7a0   0x0002a7a0   0x000000a0   Code   RO         3041    i.interrupts_enable  nrfx_uart.o
    0x0002a840   0x0002a840   0x000000b4   Code   RO         3291    i.interrupts_enable  nrfx_uarte.o
    0x0002a8f4   0x0002a8f4   0x0000006c   Code   RO         6077    i.invalid_packets_pushed_str_omit  nrf_log_frontend.o
    0x0002a960   0x0002a960   0x0000005c   Code   RO         3505    i.irq_handler       nrfx_timer.o
    0x0002a9bc   0x0002a9bc   0x000000a4   Code   RO         3677    i.irq_handler       nrfx_pwm.o
    0x0002aa60   0x0002aa60   0x00000020   Code   RO         3813    i.is_allocated_channel  nrfx_ppi.o
    0x0002aa80   0x0002aa80   0x00000012   Code   RO         3815    i.is_app_channel    nrfx_ppi.o
    0x0002aa92   0x0002aa92   0x00000002   PAD
    0x0002aa94   0x0002aa94   0x00000014   Code   RO         5261    i.is_busy           nrf_fstorage_sd.o
    0x0002aaa8   0x0002aaa8   0x00000072   Code   RO         1654    i.is_conn_params_ok  ble_conn_params.o
    0x0002ab1a   0x0002ab1a   0x00000018   Code   RO         3817    i.is_programmable_app_channel  nrfx_ppi.o
    0x0002ab32   0x0002ab32   0x0000000c   Code   RO         2272    i.item_dequeue      nrf_drv_clock.o
    0x0002ab3e   0x0002ab3e   0x00000002   PAD
    0x0002ab40   0x0002ab40   0x00000030   Code   RO          456    i.led_blink         led.o
    0x0002ab70   0x0002ab70   0x0000000a   Code   RO          458    i.led_off           led.o
    0x0002ab7a   0x0002ab7a   0x0000000a   Code   RO          459    i.led_on            led.o
    0x0002ab84   0x0002ab84   0x00000014   Code   RO         2274    i.lfclk_stop        nrf_drv_clock.o
    0x0002ab98   0x0002ab98   0x00000018   Code   RO         2021    i.link_init         nrf_ble_gatt.o
    0x0002abb0   0x0002abb0   0x00000012   Code   RO         7046    i.list_add          event.o
    0x0002abc2   0x0002abc2   0x00000010   Code   RO         7048    i.list_empty        event.o
    0x0002abd2   0x0002abd2   0x00000002   PAD
    0x0002abd4   0x0002abd4   0x0000013c   Code   RO         4326    i.list_insertions_handler  app_timer.o
    0x0002ad10   0x0002ad10   0x00000026   Code   RO           15    i.log_init          main.o
    0x0002ad36   0x0002ad36   0x00000002   PAD
    0x0002ad38   0x0002ad38   0x000000c8   Code   RO         6078    i.log_skip          nrf_log_frontend.o
    0x0002ae00   0x0002ae00   0x000000ec   Code   RO           16    i.main              main.o
    0x0002aeec   0x0002aeec   0x00000076   Code   RO         1375    i.manuf_specific_data_encode  ble_advdata.o
    0x0002af62   0x0002af62   0x00000002   PAD
    0x0002af64   0x0002af64   0x00000038   Code   RO         6805    i.mb_crc16          mb_crc.o
    0x0002af9c   0x0002af9c   0x00000020   Code   RO         6859    i.mb_slave_ble_init  mb_slave_ble.o
    0x0002afbc   0x0002afbc   0x00000048   Code   RO         6860    i.mb_slave_ble_rxdata_handling  mb_slave_ble.o
    0x0002b004   0x0002b004   0x000000ae   Code   RO         5395    i.memobj_op         nrf_memobj.o
    0x0002b0b2   0x0002b0b2   0x00000002   PAD
    0x0002b0b4   0x0002b0b4   0x00000038   Code   RO         6079    i.module_idx_get    nrf_log_frontend.o
    0x0002b0ec   0x0002b0ec   0x000000be   Code   RO         1376    i.name_encode       ble_advdata.o
    0x0002b1aa   0x0002b1aa   0x00000016   Code   RO         4758    i.nrf_atfifo_clear  nrf_atfifo.o
    0x0002b1c0   0x0002b1c0   0x00000028   Code   RO         4760    i.nrf_atfifo_init   nrf_atfifo.o
    0x0002b1e8   0x0002b1e8   0x0000001c   Code   RO         4761    i.nrf_atfifo_item_alloc  nrf_atfifo.o
    0x0002b204   0x0002b204   0x0000001c   Code   RO         4762    i.nrf_atfifo_item_free  nrf_atfifo.o
    0x0002b220   0x0002b220   0x0000001c   Code   RO         4763    i.nrf_atfifo_item_get  nrf_atfifo.o
    0x0002b23c   0x0002b23c   0x0000001c   Code   RO         4764    i.nrf_atfifo_item_put  nrf_atfifo.o
    0x0002b258   0x0002b258   0x0000001e   Code   RO         4832    i.nrf_atflags_clear  nrf_atflags.o
    0x0002b276   0x0002b276   0x0000001e   Code   RO         4837    i.nrf_atflags_get   nrf_atflags.o
    0x0002b294   0x0002b294   0x0000001e   Code   RO         4839    i.nrf_atflags_set   nrf_atflags.o
    0x0002b2b2   0x0002b2b2   0x0000000e   Code   RO         4900    i.nrf_atomic_flag_clear_fetch  nrf_atomic.o
    0x0002b2c0   0x0002b2c0   0x0000000e   Code   RO         4901    i.nrf_atomic_flag_set  nrf_atomic.o
    0x0002b2ce   0x0002b2ce   0x0000000e   Code   RO         4902    i.nrf_atomic_flag_set_fetch  nrf_atomic.o
    0x0002b2dc   0x0002b2dc   0x00000016   Code   RO         4903    i.nrf_atomic_u32_add  nrf_atomic.o
    0x0002b2f2   0x0002b2f2   0x00000016   Code   RO         4904    i.nrf_atomic_u32_and  nrf_atomic.o
    0x0002b308   0x0002b308   0x00000016   Code   RO         4907    i.nrf_atomic_u32_fetch_and  nrf_atomic.o
    0x0002b31e   0x0002b31e   0x00000016   Code   RO         4908    i.nrf_atomic_u32_fetch_or  nrf_atomic.o
    0x0002b334   0x0002b334   0x00000016   Code   RO         4909    i.nrf_atomic_u32_fetch_store  nrf_atomic.o
    0x0002b34a   0x0002b34a   0x00000016   Code   RO         4913    i.nrf_atomic_u32_or  nrf_atomic.o
    0x0002b360   0x0002b360   0x00000016   Code   RO         4915    i.nrf_atomic_u32_sub  nrf_atomic.o
    0x0002b376   0x0002b376   0x00000052   Code   RO         5037    i.nrf_balloc_alloc  nrf_balloc.o
    0x0002b3c8   0x0002b3c8   0x00000010   Code   RO         5038    i.nrf_balloc_block2idx  nrf_balloc.o
    0x0002b3d8   0x0002b3d8   0x00000030   Code   RO         5039    i.nrf_balloc_free   nrf_balloc.o
    0x0002b408   0x0002b408   0x0000000c   Code   RO         5040    i.nrf_balloc_idx2block  nrf_balloc.o
    0x0002b414   0x0002b414   0x0000003c   Code   RO         5041    i.nrf_balloc_init   nrf_balloc.o
    0x0002b450   0x0002b450   0x00000016   Code   RO         2637    i.nrf_bitmask_bit_is_set  nrfx_gpiote.o
    0x0002b466   0x0002b466   0x00000016   Code   RO         2638    i.nrf_bitmask_bit_set  nrfx_gpiote.o
    0x0002b47c   0x0002b47c   0x0000001e   Code   RO         2023    i.nrf_ble_gatt_att_mtu_periph_set  nrf_ble_gatt.o
    0x0002b49a   0x0002b49a   0x00000034   Code   RO         2027    i.nrf_ble_gatt_init  nrf_ble_gatt.o
    0x0002b4ce   0x0002b4ce   0x00000002   PAD
    0x0002b4d0   0x0002b4d0   0x00000100   Code   RO         2028    i.nrf_ble_gatt_on_ble_evt  nrf_ble_gatt.o
    0x0002b5d0   0x0002b5d0   0x00000020   Code   RO         2142    i.nrf_ble_qwr_conn_handle_assign  nrf_ble_qwr.o
    0x0002b5f0   0x0002b5f0   0x00000032   Code   RO         2143    i.nrf_ble_qwr_init  nrf_ble_qwr.o
    0x0002b622   0x0002b622   0x0000007c   Code   RO         2144    i.nrf_ble_qwr_on_ble_evt  nrf_ble_qwr.o
    0x0002b69e   0x0002b69e   0x00000012   Code   RO         2481    i.nrf_clock_event_check  nrfx_clock.o
    0x0002b6b0   0x0002b6b0   0x00000012   Code   RO         2482    i.nrf_clock_event_clear  nrfx_clock.o
    0x0002b6c2   0x0002b6c2   0x00000002   PAD
    0x0002b6c4   0x0002b6c4   0x0000000c   Code   RO         2483    i.nrf_clock_int_disable  nrfx_clock.o
    0x0002b6d0   0x0002b6d0   0x00000008   Code   RO         2485    i.nrf_clock_task_trigger  nrfx_clock.o
    0x0002b6d8   0x0002b6d8   0x00000030   Code   RO         7336    i.nrf_delay_ms      motorinfo.o
    0x0002b708   0x0002b708   0x00000040   Code   RO         2280    i.nrf_drv_clock_init  nrf_drv_clock.o
    0x0002b748   0x0002b748   0x00000030   Code   RO         2284    i.nrf_drv_clock_lfclk_release  nrf_drv_clock.o
    0x0002b778   0x0002b778   0x0000008c   Code   RO         2428    i.nrf_drv_uart_init  nrf_drv_uart.o
    0x0002b804   0x0002b804   0x00000044   Code   RO         4541    i.nrf_drv_uart_rx   app_uart_fifo.o
    0x0002b848   0x0002b848   0x00000044   Code   RO         4542    i.nrf_drv_uart_tx   app_uart_fifo.o
    0x0002b88c   0x0002b88c   0x0000002a   Code   RO         5084    i.nrf_fprintf       nrf_fprintf.o
    0x0002b8b6   0x0002b8b6   0x0000001c   Code   RO         5085    i.nrf_fprintf_buffer_flush  nrf_fprintf.o
    0x0002b8d2   0x0002b8d2   0x000001f0   Code   RO         5125    i.nrf_fprintf_fmt   nrf_fprintf_format.o
    0x0002bac2   0x0002bac2   0x00000002   PAD
    0x0002bac4   0x0002bac4   0x00000054   Code   RO         5173    i.nrf_fstorage_is_busy  nrf_fstorage.o
    0x0002bb18   0x0002bb18   0x0000001c   Code   RO         5262    i.nrf_fstorage_sdh_req_handler  nrf_fstorage_sd.o
    0x0002bb34   0x0002bb34   0x0000002c   Code   RO         5263    i.nrf_fstorage_sdh_state_handler  nrf_fstorage_sd.o
    0x0002bb60   0x0002bb60   0x0000008c   Code   RO         5264    i.nrf_fstorage_sys_evt_handler  nrf_fstorage_sd.o
    0x0002bbec   0x0002bbec   0x00000034   Code   RO         3042    i.nrf_gpio_cfg      nrfx_uart.o
    0x0002bc20   0x0002bc20   0x00000034   Code   RO         3292    i.nrf_gpio_cfg      nrfx_uarte.o
    0x0002bc54   0x0002bc54   0x0000001a   Code   RO         3044    i.nrf_gpio_cfg_input  nrfx_uart.o
    0x0002bc6e   0x0002bc6e   0x0000001a   Code   RO         3294    i.nrf_gpio_cfg_input  nrfx_uarte.o
    0x0002bc88   0x0002bc88   0x00000018   Code   RO         3045    i.nrf_gpio_cfg_output  nrfx_uart.o
    0x0002bca0   0x0002bca0   0x00000018   Code   RO         3295    i.nrf_gpio_cfg_output  nrfx_uarte.o
    0x0002bcb8   0x0002bcb8   0x0000003a   Code   RO         2641    i.nrf_gpio_cfg_sense_set  nrfx_gpiote.o
    0x0002bcf2   0x0002bcf2   0x0000001a   Code   RO          460    i.nrf_gpio_pin_clear  led.o
    0x0002bd0c   0x0002bd0c   0x0000001a   Code   RO         5664    i.nrf_gpio_pin_clear  app_pwm.o
    0x0002bd26   0x0002bd26   0x00000002   PAD
    0x0002bd28   0x0002bd28   0x00000020   Code   RO          461    i.nrf_gpio_pin_port_decode  led.o
    0x0002bd48   0x0002bd48   0x00000020   Code   RO         2643    i.nrf_gpio_pin_port_decode  nrfx_gpiote.o
    0x0002bd68   0x0002bd68   0x00000020   Code   RO         3046    i.nrf_gpio_pin_port_decode  nrfx_uart.o
    0x0002bd88   0x0002bd88   0x00000020   Code   RO         3296    i.nrf_gpio_pin_port_decode  nrfx_uarte.o
    0x0002bda8   0x0002bda8   0x00000020   Code   RO         5665    i.nrf_gpio_pin_port_decode  app_pwm.o
    0x0002bdc8   0x0002bdc8   0x00000020   Code   RO         7625    i.nrf_gpio_pin_port_decode  uart_init.o
    0x0002bde8   0x0002bde8   0x0000001a   Code   RO          462    i.nrf_gpio_pin_set  led.o
    0x0002be02   0x0002be02   0x0000001a   Code   RO         3047    i.nrf_gpio_pin_set  nrfx_uart.o
    0x0002be1c   0x0002be1c   0x0000001a   Code   RO         3297    i.nrf_gpio_pin_set  nrfx_uarte.o
    0x0002be36   0x0002be36   0x0000001a   Code   RO         5666    i.nrf_gpio_pin_set  app_pwm.o
    0x0002be50   0x0002be50   0x0000002c   Code   RO         2646    i.nrf_gpio_ports_read  nrfx_gpiote.o
    0x0002be7c   0x0002be7c   0x0000000c   Code   RO         2647    i.nrf_gpiote_event_addr_get  nrfx_gpiote.o
    0x0002be88   0x0002be88   0x0000001c   Code   RO         2648    i.nrf_gpiote_event_clear  nrfx_gpiote.o
    0x0002bea4   0x0002bea4   0x00000016   Code   RO         2649    i.nrf_gpiote_event_is_set  nrfx_gpiote.o
    0x0002beba   0x0002beba   0x00000002   PAD
    0x0002bebc   0x0002bebc   0x0000000c   Code   RO         2651    i.nrf_gpiote_task_addr_get  nrfx_gpiote.o
    0x0002bec8   0x0002bec8   0x00000048   Code   RO         6080    i.nrf_log_backend_add  nrf_log_frontend.o
    0x0002bf10   0x0002bf10   0x00000002   Code   RO         5936    i.nrf_log_backend_rtt_flush  nrf_log_backend_rtt.o
    0x0002bf12   0x0002bf12   0x00000008   Code   RO         5937    i.nrf_log_backend_rtt_init  nrf_log_backend_rtt.o
    0x0002bf1a   0x0002bf1a   0x00000002   Code   RO         5938    i.nrf_log_backend_rtt_panic_set  nrf_log_backend_rtt.o
    0x0002bf1c   0x0002bf1c   0x00000020   Code   RO         5939    i.nrf_log_backend_rtt_put  nrf_log_backend_rtt.o
    0x0002bf3c   0x0002bf3c   0x000000f2   Code   RO         6004    i.nrf_log_backend_serial_put  nrf_log_backend_serial.o
    0x0002c02e   0x0002c02e   0x00000002   PAD
    0x0002c030   0x0002c030   0x00000038   Code   RO         6082    i.nrf_log_color_id_get  nrf_log_frontend.o
    0x0002c068   0x0002c068   0x00000024   Code   RO         6038    i.nrf_log_default_backends_init  nrf_log_default_backends.o
    0x0002c08c   0x0002c08c   0x00000300   Code   RO         6083    i.nrf_log_frontend_dequeue  nrf_log_frontend.o
    0x0002c38c   0x0002c38c   0x00000014   Code   RO         6085    i.nrf_log_frontend_std_0  nrf_log_frontend.o
    0x0002c3a0   0x0002c3a0   0x00000018   Code   RO         6086    i.nrf_log_frontend_std_1  nrf_log_frontend.o
    0x0002c3b8   0x0002c3b8   0x00000020   Code   RO         6087    i.nrf_log_frontend_std_2  nrf_log_frontend.o
    0x0002c3d8   0x0002c3d8   0x00000028   Code   RO         6088    i.nrf_log_frontend_std_3  nrf_log_frontend.o
    0x0002c400   0x0002c400   0x0000002c   Code   RO         6089    i.nrf_log_frontend_std_4  nrf_log_frontend.o
    0x0002c42c   0x0002c42c   0x0000003c   Code   RO         6091    i.nrf_log_frontend_std_6  nrf_log_frontend.o
    0x0002c468   0x0002c468   0x000000b8   Code   RO         6279    i.nrf_log_hexdump_entry_process  nrf_log_str_formatter.o
    0x0002c520   0x0002c520   0x00000064   Code   RO         6092    i.nrf_log_init      nrf_log_frontend.o
    0x0002c584   0x0002c584   0x00000014   Code   RO         6093    i.nrf_log_module_cnt_get  nrf_log_frontend.o
    0x0002c598   0x0002c598   0x00000024   Code   RO         6097    i.nrf_log_module_name_get  nrf_log_frontend.o
    0x0002c5bc   0x0002c5bc   0x00000034   Code   RO         6098    i.nrf_log_panic     nrf_log_frontend.o
    0x0002c5f0   0x0002c5f0   0x000000c8   Code   RO         6280    i.nrf_log_std_entry_process  nrf_log_str_formatter.o
    0x0002c6b8   0x0002c6b8   0x0000007a   Code   RO         5396    i.nrf_memobj_alloc  nrf_memobj.o
    0x0002c732   0x0002c732   0x00000040   Code   RO         5397    i.nrf_memobj_free   nrf_memobj.o
    0x0002c772   0x0002c772   0x00000010   Code   RO         5398    i.nrf_memobj_get    nrf_memobj.o
    0x0002c782   0x0002c782   0x0000000c   Code   RO         5399    i.nrf_memobj_pool_init  nrf_memobj.o
    0x0002c78e   0x0002c78e   0x0000001e   Code   RO         5400    i.nrf_memobj_put    nrf_memobj.o
    0x0002c7ac   0x0002c7ac   0x0000001c   Code   RO         5401    i.nrf_memobj_read   nrf_memobj.o
    0x0002c7c8   0x0002c7c8   0x0000001c   Code   RO         5402    i.nrf_memobj_write  nrf_memobj.o
    0x0002c7e4   0x0002c7e4   0x00000010   Code   RO         3818    i.nrf_ppi_channel_disable  nrfx_ppi.o
    0x0002c7f4   0x0002c7f4   0x0000000e   Code   RO         3679    i.nrf_pwm_event_check  nrfx_pwm.o
    0x0002c802   0x0002c802   0x0000000e   Code   RO         3680    i.nrf_pwm_event_clear  nrfx_pwm.o
    0x0002c810   0x0002c810   0x0000009c   Code   RO         5817    i.nrf_queue_generic_pop  nrf_queue.o
    0x0002c8ac   0x0002c8ac   0x00000016   Code   RO         5819    i.nrf_queue_is_empty  nrf_queue.o
    0x0002c8c2   0x0002c8c2   0x00000010   Code   RO         5823    i.nrf_queue_next_idx  nrf_queue.o
    0x0002c8d2   0x0002c8d2   0x00000010   Code   RO           17    i.nrf_qwr_error_handler  main.o
    0x0002c8e2   0x0002c8e2   0x00000002   PAD
    0x0002c8e4   0x0002c8e4   0x00000018   Code   RO         6721    i.nrf_sdh_ble_app_ram_start_get  nrf_sdh_ble.o
    0x0002c8fc   0x0002c8fc   0x00000180   Code   RO         6722    i.nrf_sdh_ble_default_cfg_set  nrf_sdh_ble.o
    0x0002ca7c   0x0002ca7c   0x00000138   Code   RO         6723    i.nrf_sdh_ble_enable  nrf_sdh_ble.o
    0x0002cbb4   0x0002cbb4   0x00000070   Code   RO         6724    i.nrf_sdh_ble_evts_poll  nrf_sdh_ble.o
    0x0002cc24   0x0002cc24   0x00000064   Code   RO         6597    i.nrf_sdh_disable_request  nrf_sdh.o
    0x0002cc88   0x0002cc88   0x00000084   Code   RO         6598    i.nrf_sdh_enable_request  nrf_sdh.o
    0x0002cd0c   0x0002cd0c   0x00000030   Code   RO         6599    i.nrf_sdh_evts_poll  nrf_sdh.o
    0x0002cd3c   0x0002cd3c   0x0000000c   Code   RO         6600    i.nrf_sdh_is_enabled  nrf_sdh.o
    0x0002cd48   0x0002cd48   0x00000028   Code   RO         6602    i.nrf_sdh_request_continue  nrf_sdh.o
    0x0002cd70   0x0002cd70   0x00000054   Code   RO         6777    i.nrf_sdh_soc_evts_poll  nrf_sdh_soc.o
    0x0002cdc4   0x0002cdc4   0x00000006   Code   RO         6605    i.nrf_section_iter_get  nrf_sdh.o
    0x0002cdca   0x0002cdca   0x00000014   Code   RO         5547    i.nrf_section_iter_init  nrf_section_iter.o
    0x0002cdde   0x0002cdde   0x0000002e   Code   RO         5548    i.nrf_section_iter_item_set  nrf_section_iter.o
    0x0002ce0c   0x0002ce0c   0x0000002e   Code   RO         5549    i.nrf_section_iter_next  nrf_section_iter.o
    0x0002ce3a   0x0002ce3a   0x00000002   PAD
    0x0002ce3c   0x0002ce3c   0x00000040   Code   RO         5582    i.nrf_strerror_find  nrf_strerror.o
    0x0002ce7c   0x0002ce7c   0x0000001c   Code   RO         5583    i.nrf_strerror_get  nrf_strerror.o
    0x0002ce98   0x0002ce98   0x0000000e   Code   RO         3506    i.nrf_timer_compare_event_get  nrfx_timer.o
    0x0002cea6   0x0002cea6   0x0000000a   Code   RO         3507    i.nrf_timer_compare_int_get  nrfx_timer.o
    0x0002ceb0   0x0002ceb0   0x0000000e   Code   RO         3508    i.nrf_timer_event_clear  nrfx_timer.o
    0x0002cebe   0x0002cebe   0x00000006   Code   RO         3509    i.nrf_timer_int_disable  nrfx_timer.o
    0x0002cec4   0x0002cec4   0x00000006   Code   RO         3510    i.nrf_timer_int_enable  nrfx_timer.o
    0x0002ceca   0x0002ceca   0x00000006   Code   RO         3512    i.nrf_timer_task_trigger  nrfx_timer.o
    0x0002ced0   0x0002ced0   0x0000000c   Code   RO         3048    i.nrf_uart_errorsrc_get_and_clear  nrfx_uart.o
    0x0002cedc   0x0002cedc   0x0000000e   Code   RO         3049    i.nrf_uart_event_check  nrfx_uart.o
    0x0002ceea   0x0002ceea   0x0000000e   Code   RO         3050    i.nrf_uart_event_clear  nrfx_uart.o
    0x0002cef8   0x0002cef8   0x0000000c   Code   RO         3051    i.nrf_uart_hwfc_pins_set  nrfx_uart.o
    0x0002cf04   0x0002cf04   0x00000006   Code   RO         3052    i.nrf_uart_int_disable  nrfx_uart.o
    0x0002cf0a   0x0002cf0a   0x00000006   Code   RO         3053    i.nrf_uart_int_enable  nrfx_uart.o
    0x0002cf10   0x0002cf10   0x00000012   Code   RO         3054    i.nrf_uart_int_enable_check  nrfx_uart.o
    0x0002cf22   0x0002cf22   0x00000006   Code   RO         3055    i.nrf_uart_task_trigger  nrfx_uart.o
    0x0002cf28   0x0002cf28   0x0000000e   Code   RO         3056    i.nrf_uart_txrx_pins_set  nrfx_uart.o
    0x0002cf36   0x0002cf36   0x0000000c   Code   RO         3298    i.nrf_uarte_errorsrc_get_and_clear  nrfx_uarte.o
    0x0002cf42   0x0002cf42   0x0000000e   Code   RO         3299    i.nrf_uarte_event_check  nrfx_uarte.o
    0x0002cf50   0x0002cf50   0x0000000e   Code   RO         3300    i.nrf_uarte_event_clear  nrfx_uarte.o
    0x0002cf5e   0x0002cf5e   0x0000000c   Code   RO         3301    i.nrf_uarte_hwfc_pins_set  nrfx_uarte.o
    0x0002cf6a   0x0002cf6a   0x00000006   Code   RO         3302    i.nrf_uarte_int_disable  nrfx_uarte.o
    0x0002cf70   0x0002cf70   0x00000006   Code   RO         3303    i.nrf_uarte_int_enable  nrfx_uarte.o
    0x0002cf76   0x0002cf76   0x0000000a   Code   RO         3304    i.nrf_uarte_rx_amount_get  nrfx_uarte.o
    0x0002cf80   0x0002cf80   0x00000006   Code   RO         3305    i.nrf_uarte_task_trigger  nrfx_uarte.o
    0x0002cf86   0x0002cf86   0x0000000e   Code   RO         3306    i.nrf_uarte_txrx_pins_set  nrfx_uarte.o
    0x0002cf94   0x0002cf94   0x00000014   Code   RO         2490    i.nrfx_clock_enable  nrfx_clock.o
    0x0002cfa8   0x0002cfa8   0x00000024   Code   RO         2493    i.nrfx_clock_init   nrfx_clock.o
    0x0002cfcc   0x0002cfcc   0x00000020   Code   RO         2496    i.nrfx_clock_lfclk_stop  nrfx_clock.o
    0x0002cfec   0x0002cfec   0x00000018   Code   RO         4327    i.nrfx_coredep_delay_us  app_timer.o
    0x0002d004   0x0002d004   0x0000000a   Code   RO         3057    i.nrfx_get_irq_number  nrfx_uart.o
    0x0002d00e   0x0002d00e   0x0000000a   Code   RO         3307    i.nrfx_get_irq_number  nrfx_uarte.o
    0x0002d018   0x0002d018   0x00000018   Code   RO         2653    i.nrfx_gpiote_clr_task_addr_get  nrfx_gpiote.o
    0x0002d030   0x0002d030   0x00000024   Code   RO         2667    i.nrfx_gpiote_out_task_disable  nrfx_gpiote.o
    0x0002d054   0x0002d054   0x0000002c   Code   RO         2668    i.nrfx_gpiote_out_task_enable  nrfx_gpiote.o
    0x0002d080   0x0002d080   0x00000030   Code   RO         2669    i.nrfx_gpiote_out_task_force  nrfx_gpiote.o
    0x0002d0b0   0x0002d0b0   0x00000018   Code   RO         2673    i.nrfx_gpiote_set_task_addr_get  nrfx_gpiote.o
    0x0002d0c8   0x0002d0c8   0x00000014   Code   RO         3308    i.nrfx_is_in_ram    nrfx_uarte.o
    0x0002d0dc   0x0002d0dc   0x00000098   Code   RO         2498    i.nrfx_power_clock_irq_init  nrfx_clock.o
    0x0002d174   0x0002d174   0x000000e0   Code   RO         3821    i.nrfx_ppi_channel_assign  nrfx_ppi.o
    0x0002d254   0x0002d254   0x00000032   Code   RO         3822    i.nrfx_ppi_channel_disable  nrfx_ppi.o
    0x0002d286   0x0002d286   0x00000002   PAD
    0x0002d288   0x0002d288   0x0000003c   Code   RO         3823    i.nrfx_ppi_channel_enable  nrfx_ppi.o
    0x0002d2c4   0x0002d2c4   0x00000008   Code   RO         3826    i.nrfx_ppi_channel_to_mask  nrfx_ppi.o
    0x0002d2cc   0x0002d2cc   0x0000004e   Code   RO         2989    i.nrfx_prs_acquire  nrfx_prs.o
    0x0002d31a   0x0002d31a   0x0000000e   Code   RO         3515    i.nrfx_timer_clear  nrfx_timer.o
    0x0002d328   0x0002d328   0x00000048   Code   RO         3516    i.nrfx_timer_compare  nrfx_timer.o
    0x0002d370   0x0002d370   0x00000018   Code   RO         5667    i.nrfx_timer_compare_event_address_get  app_pwm.o
    0x0002d388   0x0002d388   0x00000018   Code   RO         3517    i.nrfx_timer_compare_int_disable  nrfx_timer.o
    0x0002d3a0   0x0002d3a0   0x00000028   Code   RO         3518    i.nrfx_timer_compare_int_enable  nrfx_timer.o
    0x0002d3c8   0x0002d3c8   0x00000024   Code   RO         3519    i.nrfx_timer_disable  nrfx_timer.o
    0x0002d3ec   0x0002d3ec   0x00000024   Code   RO         3520    i.nrfx_timer_enable  nrfx_timer.o
    0x0002d410   0x0002d410   0x00000014   Code   RO         3058    i.nrfx_uart_0_irq_handler  nrfx_uart.o
    0x0002d424   0x0002d424   0x00000088   Code   RO         3060    i.nrfx_uart_init    nrfx_uart.o
    0x0002d4ac   0x0002d4ac   0x00000124   Code   RO         3061    i.nrfx_uart_rx      nrfx_uart.o
    0x0002d5d0   0x0002d5d0   0x0000008c   Code   RO         3066    i.nrfx_uart_tx      nrfx_uart.o
    0x0002d65c   0x0002d65c   0x00000024   Code   RO         3068    i.nrfx_uart_tx_in_progress  nrfx_uart.o
    0x0002d680   0x0002d680   0x00000014   Code   RO         3309    i.nrfx_uarte_0_irq_handler  nrfx_uarte.o
    0x0002d694   0x0002d694   0x00000080   Code   RO         3311    i.nrfx_uarte_init   nrfx_uarte.o
    0x0002d714   0x0002d714   0x00000138   Code   RO         3312    i.nrfx_uarte_rx     nrfx_uarte.o
    0x0002d84c   0x0002d84c   0x000000a8   Code   RO         3315    i.nrfx_uarte_tx     nrfx_uarte.o
    0x0002d8f4   0x0002d8f4   0x00000020   Code   RO         3317    i.nrfx_uarte_tx_in_progress  nrfx_uarte.o
    0x0002d914   0x0002d914   0x00000016   Code   RO           18    i.nus_data_handler  main.o
    0x0002d92a   0x0002d92a   0x00000002   PAD
    0x0002d92c   0x0002d92c   0x0000002c   Code   RO           19    i.on_conn_params_evt  main.o
    0x0002d958   0x0002d958   0x00000030   Code   RO         1655    i.on_conn_params_update  ble_conn_params.o
    0x0002d988   0x0002d988   0x00000070   Code   RO         1656    i.on_connect        ble_conn_params.o
    0x0002d9f8   0x0002d9f8   0x00000074   Code   RO         2201    i.on_connect        ble_nus.o
    0x0002da6c   0x0002da6c   0x0000000e   Code   RO         1505    i.on_connected      ble_advertising.o
    0x0002da7a   0x0002da7a   0x00000002   PAD
    0x0002da7c   0x0002da7c   0x000000bc   Code   RO         2029    i.on_connected_evt  nrf_ble_gatt.o
    0x0002db38   0x0002db38   0x00000054   Code   RO         2030    i.on_data_length_update_evt  nrf_ble_gatt.o
    0x0002db8c   0x0002db8c   0x00000030   Code   RO         2031    i.on_data_length_update_request_evt  nrf_ble_gatt.o
    0x0002dbbc   0x0002dbbc   0x00000032   Code   RO         1657    i.on_disconnect     ble_conn_params.o
    0x0002dbee   0x0002dbee   0x00000032   Code   RO         1506    i.on_disconnected   ble_advertising.o
    0x0002dc20   0x0002dc20   0x00000014   Code   RO         2032    i.on_disconnected_evt  nrf_ble_gatt.o
    0x0002dc34   0x0002dc34   0x000000c0   Code   RO         2033    i.on_exchange_mtu_request_evt  nrf_ble_gatt.o
    0x0002dcf4   0x0002dcf4   0x00000064   Code   RO         2034    i.on_exchange_mtu_rsp_evt  nrf_ble_gatt.o
    0x0002dd58   0x0002dd58   0x00000044   Code   RO         2202    i.on_hvx_tx_complete  ble_nus.o
    0x0002dd9c   0x0002dd9c   0x00000024   Code   RO         5265    i.on_operation_failure  nrf_fstorage_sd.o
    0x0002ddc0   0x0002ddc0   0x00000060   Code   RO         5266    i.on_operation_success  nrf_fstorage_sd.o
    0x0002de20   0x0002de20   0x0000006a   Code   RO         2145    i.on_rw_authorize_request  nrf_ble_qwr.o
    0x0002de8a   0x0002de8a   0x00000040   Code   RO         1507    i.on_terminated     ble_advertising.o
    0x0002deca   0x0002deca   0x00000002   Code   RO         2146    i.on_user_mem_release  nrf_ble_qwr.o
    0x0002decc   0x0002decc   0x00000020   Code   RO         2147    i.on_user_mem_request  nrf_ble_qwr.o
    0x0002deec   0x0002deec   0x00000058   Code   RO         1658    i.on_write          ble_conn_params.o
    0x0002df44   0x0002df44   0x00000094   Code   RO         2203    i.on_write          ble_nus.o
    0x0002dfd8   0x0002dfd8   0x00000002   Code   RO         5668    i.pan73_workaround  app_pwm.o
    0x0002dfda   0x0002dfda   0x00000002   PAD
    0x0002dfdc   0x0002dfdc   0x000000bc   Code   RO         7052    i.pending_event_schedule  event.o
    0x0002e098   0x0002e098   0x0000001c   Code   RO         1508    i.phy_is_valid      ble_advertising.o
    0x0002e0b4   0x0002e0b4   0x00000048   Code   RO         6282    i.postfix_process   nrf_log_str_formatter.o
    0x0002e0fc   0x0002e0fc   0x000000a4   Code   RO         6283    i.prefix_process    nrf_log_str_formatter.o
    0x0002e1a0   0x0002e1a0   0x00000018   Code   RO         2991    i.prs_box_get       nrfx_prs.o
    0x0002e1b8   0x0002e1b8   0x0000000e   Code   RO         5670    i.pwm_irq_disable   app_pwm.o
    0x0002e1c6   0x0002e1c6   0x00000002   PAD
    0x0002e1c8   0x0002e1c8   0x0000004c   Code   RO          558    i.pwm_output_ccw    pwm.o
    0x0002e214   0x0002e214   0x0000004c   Code   RO          559    i.pwm_output_cw     pwm.o
    0x0002e260   0x0002e260   0x0000000c   Code   RO          560    i.pwm_output_stop   pwm.o
    0x0002e26c   0x0002e26c   0x000000f0   Code   RO         5672    i.pwm_transition    app_pwm.o
    0x0002e35c   0x0002e35c   0x00000018   Code   RO         5267    i.queue_free        nrf_fstorage_sd.o
    0x0002e374   0x0002e374   0x0000002c   Code   RO         5268    i.queue_load_next   nrf_fstorage_sd.o
    0x0002e3a0   0x0002e3a0   0x00000090   Code   RO         5269    i.queue_process     nrf_fstorage_sd.o
    0x0002e430   0x0002e430   0x0000001c   Code   RO         5270    i.queue_start       nrf_fstorage_sd.o
    0x0002e44c   0x0002e44c   0x00000010   Code   RO         6725    i.ram_end_address_get  nrf_sdh_ble.o
    0x0002e45c   0x0002e45c   0x00000140   Code   RO         7626    i.rdata_handling    uart_init.o
    0x0002e59c   0x0002e59c   0x0000001c   Code   RO         5271    i.read              nrf_fstorage_sd.o
    0x0002e5b8   0x0002e5b8   0x00000028   Code   RO         1766    i.record_activate   ble_conn_state.o
    0x0002e5e0   0x0002e5e0   0x00000020   Code   RO         1767    i.record_invalidate  ble_conn_state.o
    0x0002e600   0x0002e600   0x00000048   Code   RO         1768    i.record_purge_disconnected  ble_conn_state.o
    0x0002e648   0x0002e648   0x00000014   Code   RO         1769    i.record_set_disconnected  ble_conn_state.o
    0x0002e65c   0x0002e65c   0x00000096   Code   RO         7237    i.ringbuf_get       ringbuf.o
    0x0002e6f2   0x0002e6f2   0x0000002a   Code   RO         7238    i.ringbuf_get_with_length  ringbuf.o
    0x0002e71c   0x0002e71c   0x0000001a   Code   RO         7240    i.ringbuf_init      ringbuf.o
    0x0002e736   0x0002e736   0x000000ce   Code   RO         7245    i.ringbuf_put       ringbuf.o
    0x0002e804   0x0002e804   0x00000024   Code   RO         7247    i.ringbuf_put_with_length  ringbuf.o
    0x0002e828   0x0002e828   0x00000006   Code   RO         5272    i.rmap              nrf_fstorage_sd.o
    0x0002e82e   0x0002e82e   0x00000002   PAD
    0x0002e830   0x0002e830   0x0000000c   Code   RO         4328    i.rtc1_compare0_set  app_timer.o
    0x0002e83c   0x0002e83c   0x0000000c   Code   RO         4329    i.rtc1_counter_get  app_timer.o
    0x0002e848   0x0002e848   0x00000018   Code   RO         4330    i.rtc1_init         app_timer.o
    0x0002e860   0x0002e860   0x0000003c   Code   RO         4331    i.rtc1_start        app_timer.o
    0x0002e89c   0x0002e89c   0x00000058   Code   RO         4332    i.rtc1_stop         app_timer.o
    0x0002e8f4   0x0002e8f4   0x0000003e   Code   RO         3071    i.rx_byte           nrfx_uart.o
    0x0002e932   0x0002e932   0x000000ee   Code   RO         2204    i.rx_char_add       ble_nus.o
    0x0002ea20   0x0002ea20   0x0000001c   Code   RO         3072    i.rx_done_event     nrfx_uart.o
    0x0002ea3c   0x0002ea3c   0x00000020   Code   RO         3320    i.rx_done_event     nrfx_uarte.o
    0x0002ea5c   0x0002ea5c   0x00000022   Code   RO         3073    i.rx_enable         nrfx_uart.o
    0x0002ea7e   0x0002ea7e   0x00000002   PAD
    0x0002ea80   0x0002ea80   0x0000009c   Code   RO         6606    i.sd_nvic_EnableIRQ  nrf_sdh.o
    0x0002eb1c   0x0002eb1c   0x00000068   Code   RO         4640    i.sd_nvic_critical_region_enter  app_util_platform.o
    0x0002eb84   0x0002eb84   0x00000068   Code   RO         2287    i.sd_state_evt_handler  nrf_drv_clock.o
    0x0002ebec   0x0002ebec   0x0000003c   Code   RO         6607    i.sdh_request_observer_notify  nrf_sdh.o
    0x0002ec28   0x0002ec28   0x00000034   Code   RO         6608    i.sdh_state_observer_notify  nrf_sdh.o
    0x0002ec5c   0x0002ec5c   0x00000014   Code   RO          892    i.seg_ctrl          wirefeeder.o
    0x0002ec70   0x0002ec70   0x00000030   Code   RO          893    i.seg_switch        wirefeeder.o
    0x0002eca0   0x0002eca0   0x00000018   Code   RO         1659    i.send_error_evt    ble_conn_params.o
    0x0002ecb8   0x0002ecb8   0x00000024   Code   RO         1660    i.send_update_request  ble_conn_params.o
    0x0002ecdc   0x0002ecdc   0x00000084   Code   RO         5940    i.serial_tx         nrf_log_backend_rtt.o
    0x0002ed60   0x0002ed60   0x00000096   Code   RO         1377    i.service_data_encode  ble_advdata.o
    0x0002edf6   0x0002edf6   0x00000002   PAD
    0x0002edf8   0x0002edf8   0x0000005c   Code   RO           20    i.services_init     main.o
    0x0002ee54   0x0002ee54   0x00000030   Code   RO         1509    i.set_adv_mode_directed  ble_advertising.o
    0x0002ee84   0x0002ee84   0x00000024   Code   RO         1510    i.set_adv_mode_directed_high_duty  ble_advertising.o
    0x0002eea8   0x0002eea8   0x0000005c   Code   RO         1511    i.set_adv_mode_fast  ble_advertising.o
    0x0002ef04   0x0002ef04   0x0000005c   Code   RO         1512    i.set_adv_mode_slow  ble_advertising.o
    0x0002ef60   0x0002ef60   0x00000018   Code   RO          895    i.set_seg_data      wirefeeder.o
    0x0002ef78   0x0002ef78   0x0000000c   Code   RO          896    i.set_seg_max_count  wirefeeder.o
    0x0002ef84   0x0002ef84   0x0000001c   Code   RO         2288    i.soc_evt_handler   nrf_drv_clock.o
    0x0002efa0   0x0002efa0   0x0000006c   Code   RO         6609    i.softdevice_evt_irq_disable  nrf_sdh.o
    0x0002f00c   0x0002f00c   0x0000001e   Code   RO         6610    i.softdevices_evt_irq_enable  nrf_sdh.o
    0x0002f02a   0x0002f02a   0x00000002   PAD
    0x0002f02c   0x0002f02c   0x0000001c   Code   RO          897    i.start_seg_proc    wirefeeder.o
    0x0002f048   0x0002f048   0x00000064   Code   RO         6100    i.std_header_set    nrf_log_frontend.o
    0x0002f0ac   0x0002f0ac   0x00000070   Code   RO         6101    i.std_n             nrf_log_frontend.o
    0x0002f11c   0x0002f11c   0x00000058   Code   RO          898    i.stop_seg_proc     wirefeeder.o
    0x0002f174   0x0002f174   0x00000074   Code   RO         5126    i.string_print      nrf_fprintf_format.o
    0x0002f1e8   0x0002f1e8   0x0000000a   Code   RO         4333    i.ticks_diff_get    app_timer.o
    0x0002f1f2   0x0002f1f2   0x00000002   PAD
    0x0002f1f4   0x0002f1f4   0x00000028   Code   RO         7627    i.timeout_handler   uart_init.o
    0x0002f21c   0x0002f21c   0x0000000c   Code   RO         4334    i.timeout_handler_exec  app_timer.o
    0x0002f228   0x0002f228   0x00000050   Code   RO         4335    i.timer_list_handler  app_timer.o
    0x0002f278   0x0002f278   0x0000000a   Code   RO         4336    i.timer_list_handler_sched  app_timer.o
    0x0002f282   0x0002f282   0x00000002   PAD
    0x0002f284   0x0002f284   0x00000068   Code   RO         4337    i.timer_list_insert  app_timer.o
    0x0002f2ec   0x0002f2ec   0x00000088   Code   RO         4338    i.timer_list_remove  app_timer.o
    0x0002f374   0x0002f374   0x0000005e   Code   RO         4339    i.timer_start_op_schedule  app_timer.o
    0x0002f3d2   0x0002f3d2   0x00000042   Code   RO         4340    i.timer_stop_op_schedule  app_timer.o
    0x0002f414   0x0002f414   0x00000098   Code   RO         4341    i.timer_timeouts_check  app_timer.o
    0x0002f4ac   0x0002f4ac   0x0000000a   Code   RO         4342    i.timer_timeouts_check_sched  app_timer.o
    0x0002f4b6   0x0002f4b6   0x00000002   PAD
    0x0002f4b8   0x0002f4b8   0x00000030   Code   RO         7628    i.timers_init       uart_init.o
    0x0002f4e8   0x0002f4e8   0x00000002   Code   RO         6284    i.timestamp_print   nrf_log_str_formatter.o
    0x0002f4ea   0x0002f4ea   0x00000036   Code   RO         3074    i.tx_blocking       nrfx_uart.o
    0x0002f520   0x0002f520   0x00000026   Code   RO         3075    i.tx_byte           nrfx_uart.o
    0x0002f546   0x0002f546   0x00000134   Code   RO         2205    i.tx_char_add       ble_nus.o
    0x0002f67a   0x0002f67a   0x00000020   Code   RO         3076    i.tx_done_event     nrfx_uart.o
    0x0002f69a   0x0002f69a   0x00000024   Code   RO         3321    i.tx_done_event     nrfx_uarte.o
    0x0002f6be   0x0002f6be   0x00000036   Code   RO         1378    i.tx_power_level_encode  ble_advdata.o
    0x0002f6f4   0x0002f6f4   0x000000b4   Code   RO         7629    i.uart_Interrupt_handle  uart_init.o
    0x0002f7a8   0x0002f7a8   0x000000d4   Code   RO         4543    i.uart_event_handler  app_uart_fifo.o
    0x0002f87c   0x0002f87c   0x00000038   Code   RO         2429    i.uart_evt_handler  nrf_drv_uart.o
    0x0002f8b4   0x0002f8b4   0x0000014c   Code   RO         3077    i.uart_irq_handler  nrfx_uart.o
    0x0002fa00   0x0002fa00   0x00000038   Code   RO         2430    i.uarte_evt_handler  nrf_drv_uart.o
    0x0002fa38   0x0002fa38   0x0000010c   Code   RO         3322    i.uarte_irq_handler  nrfx_uarte.o
    0x0002fb44   0x0002fb44   0x0000000c   Code   RO         1959    i.uint16_decode     ble_srv_common.o
    0x0002fb50   0x0002fb50   0x0000000c   Code   RO         1379    i.uint16_encode     ble_advdata.o
    0x0002fb5c   0x0002fb5c   0x00000024   Code   RO         5273    i.uninit            nrf_fstorage_sd.o
    0x0002fb80   0x0002fb80   0x000000b8   Code   RO         5127    i.unsigned_print    nrf_fprintf_format.o
    0x0002fc38   0x0002fc38   0x00000074   Code   RO         1661    i.update_timeout_handler  ble_conn_params.o
    0x0002fcac   0x0002fcac   0x0000001e   Code   RO         1513    i.use_whitelist     ble_advertising.o
    0x0002fcca   0x0002fcca   0x0000002c   Code   RO         2148    i.user_mem_reply    nrf_ble_qwr.o
    0x0002fcf6   0x0002fcf6   0x00000002   PAD
    0x0002fcf8   0x0002fcf8   0x0000003c   Code   RO         4343    i.user_op_alloc     app_timer.o
    0x0002fd34   0x0002fd34   0x0000000c   Code   RO         4344    i.user_op_enque     app_timer.o
    0x0002fd40   0x0002fd40   0x0000004e   Code   RO         1380    i.uuid_list_encode  ble_advdata.o
    0x0002fd8e   0x0002fd8e   0x000000d6   Code   RO         1381    i.uuid_list_sized_encode  ble_advdata.o
    0x0002fe64   0x0002fe64   0x0000000c   Code   RO          899    i.wfr_get_status    wirefeeder.o
    0x0002fe70   0x0002fe70   0x00000030   Code   RO          901    i.wfr_set_dir       wirefeeder.o
    0x0002fea0   0x0002fea0   0x00000044   Code   RO          902    i.wfr_set_pull_speed  wirefeeder.o
    0x0002fee4   0x0002fee4   0x00000030   Code   RO          903    i.wfr_set_pull_time  wirefeeder.o
    0x0002ff14   0x0002ff14   0x00000064   Code   RO          904    i.wfr_set_push_speed  wirefeeder.o
    0x0002ff78   0x0002ff78   0x000000a0   Code   RO          905    i.wfr_set_rollback_when_stop  wirefeeder.o
    0x00030018   0x00030018   0x00000040   Code   RO          906    i.wfr_startup       wirefeeder.o
    0x00030058   0x00030058   0x00000008   Code   RO         1514    i.whitelist_has_entries  ble_advertising.o
    0x00030060   0x00030060   0x00000006   Code   RO         5274    i.wmap              nrf_fstorage_sd.o
    0x00030066   0x00030066   0x00000002   PAD
    0x00030068   0x00030068   0x00000054   Code   RO         5275    i.write             nrf_fstorage_sd.o
    0x000300bc   0x000300bc   0x00000058   Code   RO         5276    i.write_execute     nrf_fstorage_sd.o
    0x00030114   0x00030114   0x00000058   Data   RO           22    .constdata          main.o
    0x0003016c   0x0003016c   0x00000004   Data   RO          464    .constdata          led.o
    0x00030170   0x00030170   0x00000010   Data   RO          908    .constdata          wirefeeder.o
    0x00030180   0x00030180   0x00000016   Data   RO         2035    .constdata          nrf_ble_gatt.o
    0x00030196   0x00030196   0x00000002   PAD
    0x00030198   0x00030198   0x00000010   Data   RO         2206    .constdata          ble_nus.o
    0x000301a8   0x000301a8   0x00000042   Data   RO         2684    .constdata          nrfx_gpiote.o
    0x000301ea   0x000301ea   0x00000002   PAD
    0x000301ec   0x000301ec   0x0000002e   Data   RO         3079    .constdata          nrfx_uart.o
    0x0003021a   0x0003021a   0x00000002   PAD
    0x0003021c   0x0003021c   0x00000030   Data   RO         3324    .constdata          nrfx_uarte.o
    0x0003024c   0x0003024c   0x000000ff   Data   RO         3834    .constdata          nrfx_ppi.o
    0x0003034b   0x0003034b   0x00000005   PAD
    0x00030350   0x00030350   0x00000006   Data   RO         4346    .constdata          app_timer.o
    0x00030356   0x00030356   0x00000002   PAD
    0x00030358   0x00030358   0x00000020   Data   RO         4545    .constdata          app_uart_fifo.o
    0x00030378   0x00030378   0x00000010   Data   RO         5128    .constdata          nrf_fprintf_format.o
    0x00030388   0x00030388   0x00000030   Data   RO         5278    .constdata          nrf_fstorage_sd.o
    0x000303b8   0x000303b8   0x0000013c   Data   RO         5584    .constdata          nrf_strerror.o
    0x000304f4   0x000304f4   0x0000000c   PAD
    0x00030500   0x00030500   0x00000016   Data   RO         5942    .constdata          nrf_log_backend_rtt.o
    0x00030516   0x00030516   0x00000002   PAD
    0x00030518   0x00030518   0x00000058   Data   RO         6611    .constdata          nrf_sdh.o
    0x00030570   0x00030570   0x00000030   Data   RO         6726    .constdata          nrf_sdh_ble.o
    0x000305a0   0x000305a0   0x0000001c   Data   RO         6778    .constdata          nrf_sdh_soc.o
    0x000305bc   0x000305bc   0x00000200   Data   RO         6806    .constdata          mb_crc.o
    0x000307bc   0x000307bc   0x00000004   PAD
    0x000307c0   0x000307c0   0x00000006   Data   RO         7337    .constdata          motorinfo.o
    0x000307c6   0x000307c6   0x0000000a   PAD
    0x000307d0   0x000307d0   0x0000002a   Data   RO         7439    .constdata          motormove.o
    0x000307fa   0x000307fa   0x00000006   PAD
    0x00030800   0x00030800   0x00000048   Data   RO         7631    .constdata          uart_init.o
    0x00030848   0x00030848   0x00000081   Data   RO         7806    .constdata          mc_w.l(ctype_o.o)
    0x000308c9   0x000308c9   0x00000003   PAD
    0x000308cc   0x000308cc   0x00000004   Data   RO         7807    .constdata          mc_w.l(ctype_o.o)
    0x000308d0   0x000308d0   0x000000a2   Data   RO         2036    .conststring        nrf_ble_gatt.o
    0x00030972   0x00030972   0x00000002   PAD
    0x00030974   0x00030974   0x000003eb   Data   RO         5585    .conststring        nrf_strerror.o
    0x00030d5f   0x00030d5f   0x00000001   PAD
    0x00030d60   0x00030d60   0x00000066   Data   RO         6285    .conststring        nrf_log_str_formatter.o
    0x00030dc6   0x00030dc6   0x00000002   PAD
    0x00030dc8   0x00030dc8   0x000001cf   Data   RO         6727    .conststring        nrf_sdh_ble.o
    0x00030f97   0x00030f97   0x00000001   PAD
    0x00030f98   0x00030f98   0x00000050   Data   RO         7056    .conststring        event.o
    0x00030fe8   0x00030fe8   0x00000043   Data   RO         7632    .conststring        uart_init.o
    0x0003102b   0x0003102b   0x00000001   PAD
    0x0003102c   0x0003102c   0x0000000d   Data   RO         2037    .conststrlit        nrf_ble_gatt.o
    0x00031039   0x00031039   0x00000003   PAD
    0x0003103c   0x0003103c   0x00000008   Data   RO         2207    .conststrlit        ble_nus.o
    0x00031044   0x00031044   0x00000006   Data   RO         2291    .conststrlit        nrf_drv_clock.o
    0x0003104a   0x0003104a   0x00000002   PAD
    0x0003104c   0x0003104c   0x00000006   Data   RO         2500    .conststrlit        nrfx_clock.o
    0x00031052   0x00031052   0x00000002   PAD
    0x00031054   0x00031054   0x00000007   Data   RO         2685    .conststrlit        nrfx_gpiote.o
    0x0003105b   0x0003105b   0x00000001   PAD
    0x0003105c   0x0003105c   0x00000004   Data   RO         2993    .conststrlit        nrfx_prs.o
    0x00031060   0x00031060   0x00000005   Data   RO         3080    .conststrlit        nrfx_uart.o
    0x00031065   0x00031065   0x00000003   PAD
    0x00031068   0x00031068   0x00000006   Data   RO         3325    .conststrlit        nrfx_uarte.o
    0x0003106e   0x0003106e   0x00000002   PAD
    0x00031070   0x00031070   0x00000006   Data   RO         3530    .conststrlit        nrfx_timer.o
    0x00031076   0x00031076   0x00000002   PAD
    0x00031078   0x00031078   0x00000004   Data   RO         3695    .conststrlit        nrfx_pwm.o
    0x0003107c   0x0003107c   0x0000000d   Data   RO         5181    .conststrlit        nrf_fstorage.o
    0x00031089   0x00031089   0x00000003   PAD
    0x0003108c   0x0003108c   0x0000000e   Data   RO         5279    .conststrlit        nrf_fstorage_sd.o
    0x0003109a   0x0003109a   0x00000002   PAD
    0x0003109c   0x0003109c   0x00000009   Data   RO         5481    .conststrlit        nrf_pwr_mgmt.o
    0x000310a5   0x000310a5   0x00000003   PAD
    0x000310a8   0x000310a8   0x00000018   Data   RO         6103    .conststrlit        nrf_log_frontend.o
    0x000310c0   0x000310c0   0x00000008   Data   RO         6612    .conststrlit        nrf_sdh.o
    0x000310c8   0x000310c8   0x0000000c   Data   RO         6728    .conststrlit        nrf_sdh_ble.o
    0x000310d4   0x000310d4   0x0000000c   Data   RO         6779    .conststrlit        nrf_sdh_soc.o
    0x000310e0   0x000310e0   0x0000001a   Data   RO         7057    .conststrlit        event.o
    0x000310fa   0x000310fa   0x00000002   PAD
    0x000310fc   0x000310fc   0x00000020   Data   RO         7896    Region$$Table       anon$$obj.o
    0x0003111c   0x0003111c   0x00000008   Data   RO         2038    log_const_data      nrf_ble_gatt.o
    0x00031124   0x00031124   0x00000008   Data   RO         2208    log_const_data      ble_nus.o
    0x0003112c   0x0003112c   0x00000008   Data   RO         2292    log_const_data      nrf_drv_clock.o
    0x00031134   0x00031134   0x00000008   Data   RO         2502    log_const_data      nrfx_clock.o
    0x0003113c   0x0003113c   0x00000008   Data   RO         2686    log_const_data      nrfx_gpiote.o
    0x00031144   0x00031144   0x00000008   Data   RO         2995    log_const_data      nrfx_prs.o
    0x0003114c   0x0003114c   0x00000008   Data   RO         3081    log_const_data      nrfx_uart.o
    0x00031154   0x00031154   0x00000008   Data   RO         3326    log_const_data      nrfx_uarte.o
    0x0003115c   0x0003115c   0x00000008   Data   RO         3531    log_const_data      nrfx_timer.o
    0x00031164   0x00031164   0x00000008   Data   RO         3697    log_const_data      nrfx_pwm.o
    0x0003116c   0x0003116c   0x00000008   Data   RO         5182    log_const_data      nrf_fstorage.o
    0x00031174   0x00031174   0x00000008   Data   RO         5281    log_const_data      nrf_fstorage_sd.o
    0x0003117c   0x0003117c   0x00000008   Data   RO         5483    log_const_data      nrf_pwr_mgmt.o
    0x00031184   0x00031184   0x00000010   Data   RO         6105    log_const_data      nrf_log_frontend.o
    0x00031194   0x00031194   0x00000008   Data   RO         6614    log_const_data      nrf_sdh.o
    0x0003119c   0x0003119c   0x00000008   Data   RO         6730    log_const_data      nrf_sdh_ble.o
    0x000311a4   0x000311a4   0x00000008   Data   RO         6780    log_const_data      nrf_sdh_soc.o
    0x000311ac   0x000311ac   0x00000008   Data   RO         7058    log_const_data      event.o
    0x000311b4   0x000311b4   0x00000018   Data   RO         6107    nrf_balloc          nrf_log_frontend.o
    0x000311cc   0x000311cc   0x00000018   Data   RO         7060    nrf_queue           event.o
    0x000311e4   0x000311e4   0x00000008   Data   RO         1772    sdh_ble_observers0  ble_conn_state.o
    0x000311ec   0x000311ec   0x00000010   Data   RO           24    sdh_ble_observers1  main.o
    0x000311fc   0x000311fc   0x00000008   Data   RO         1308    sdh_ble_observers1  bsp_btn_ble.o
    0x00031204   0x00031204   0x00000008   Data   RO         1664    sdh_ble_observers1  ble_conn_params.o
    0x0003120c   0x0003120c   0x00000010   Data   RO           25    sdh_ble_observers2  main.o
    0x0003121c   0x0003121c   0x00000008   Data   RO           26    sdh_ble_observers3  main.o
    0x00031224   0x00031224   0x00000008   Data   RO         5283    sdh_req_observers0  nrf_fstorage_sd.o
    0x0003122c   0x0003122c   0x00000008   Data   RO         2294    sdh_soc_observers0  nrf_drv_clock.o
    0x00031234   0x00031234   0x00000008   Data   RO         5284    sdh_soc_observers0  nrf_fstorage_sd.o
    0x0003123c   0x0003123c   0x00000008   Data   RO           27    sdh_soc_observers1  main.o
    0x00031244   0x00031244   0x00000008   Data   RO         6732    sdh_stack_observers0  nrf_sdh_ble.o
    0x0003124c   0x0003124c   0x00000008   Data   RO         6782    sdh_stack_observers0  nrf_sdh_soc.o
    0x00031254   0x00031254   0x00000008   Data   RO         2295    sdh_state_observers0  nrf_drv_clock.o
    0x0003125c   0x0003125c   0x00000008   Data   RO         5285    sdh_state_observers0  nrf_fstorage_sd.o


    Execution Region RW_IRAM1 (Exec base: 0x20002b98, Load base: 0x00031264, Size: 0x00004a08, Max: 0x0003d568, ABSOLUTE, COMPRESSED[0x0000006c])

    Exec Addr    Load Addr    Size         Type   Attr      Idx    E Section Name        Object

    0x20002b98   COMPRESSED   0x00000048   Data   RW           23    .data               main.o
    0x20002be0   COMPRESSED   0x00000001   Data   RW          563    .data               pwm.o
    0x20002be1   COMPRESSED   0x00000003   PAD
    0x20002be4   COMPRESSED   0x00000008   Data   RW         1307    .data               bsp_btn_ble.o
    0x20002bec   COMPRESSED   0x00000008   Data   RW         1663    .data               ble_conn_params.o
    0x20002bf4   COMPRESSED   0x00000012   Data   RW         2431    .data               nrf_drv_uart.o
    0x20002c06   COMPRESSED   0x00000002   PAD
    0x20002c08   COMPRESSED   0x00000008   Data   RW         2501    .data               nrfx_clock.o
    0x20002c10   COMPRESSED   0x00000008   Data   RW         2994    .data               nrfx_prs.o
    0x20002c18   COMPRESSED   0x00000008   Data   RW         3696    .data               nrfx_pwm.o
    0x20002c20   COMPRESSED   0x00000005   Data   RW         3835    .data               nrfx_ppi.o
    0x20002c25   COMPRESSED   0x00000003   PAD
    0x20002c28   COMPRESSED   0x00000014   Data   RW         4347    .data               app_timer.o
    0x20002c3c   COMPRESSED   0x0000001b   Data   RW         4546    .data               app_uart_fifo.o
    0x20002c57   COMPRESSED   0x00000001   PAD
    0x20002c58   COMPRESSED   0x0000001c   Data   RW         5280    .data               nrf_fstorage_sd.o
    0x20002c74   COMPRESSED   0x00000006   Data   RW         5675    .data               app_pwm.o
    0x20002c7a   COMPRESSED   0x00000001   Data   RW         5943    .data               nrf_log_backend_rtt.o
    0x20002c7b   COMPRESSED   0x00000001   PAD
    0x20002c7c   COMPRESSED   0x0000000c   Data   RW         6039    .data               nrf_log_default_backends.o
    0x20002c88   COMPRESSED   0x00000010   Data   RW         6104    .data               nrf_log_frontend.o
    0x20002c98   COMPRESSED   0x00000040   Data   RW         6286    .data               nrf_log_str_formatter.o
    0x20002cd8   COMPRESSED   0x00000003   Data   RW         6613    .data               nrf_sdh.o
    0x20002cdb   COMPRESSED   0x00000001   Data   RW         6729    .data               nrf_sdh_ble.o
    0x20002cdc   COMPRESSED   0x00000004   Data   RW         6862    .data               mb_slave_ble.o
    0x20002ce0   COMPRESSED   0x0000000e   Data   RW         7440    .data               motormove.o
    0x20002cee   COMPRESSED   0x00000002   PAD
    0x20002cf0   COMPRESSED   0x00000014   Data   RW         7592    .data               tml_register.o
    0x20002d04   COMPRESSED   0x00000006   Data   RW         7633    .data               uart_init.o
    0x20002d0a   COMPRESSED   0x00000002   PAD
    0x20002d0c   COMPRESSED   0x00000004   Data   RW         7727    .data               system_nrf52840.o
    0x20002d10   COMPRESSED   0x00000004   Data   RW         2039    log_dynamic_data    nrf_ble_gatt.o
    0x20002d14   COMPRESSED   0x00000004   Data   RW         2209    log_dynamic_data    ble_nus.o
    0x20002d18   COMPRESSED   0x00000004   Data   RW         2293    log_dynamic_data    nrf_drv_clock.o
    0x20002d1c   COMPRESSED   0x00000004   Data   RW         2503    log_dynamic_data    nrfx_clock.o
    0x20002d20   COMPRESSED   0x00000004   Data   RW         2687    log_dynamic_data    nrfx_gpiote.o
    0x20002d24   COMPRESSED   0x00000004   Data   RW         2996    log_dynamic_data    nrfx_prs.o
    0x20002d28   COMPRESSED   0x00000004   Data   RW         3082    log_dynamic_data    nrfx_uart.o
    0x20002d2c   COMPRESSED   0x00000004   Data   RW         3327    log_dynamic_data    nrfx_uarte.o
    0x20002d30   COMPRESSED   0x00000004   Data   RW         3532    log_dynamic_data    nrfx_timer.o
    0x20002d34   COMPRESSED   0x00000004   Data   RW         3698    log_dynamic_data    nrfx_pwm.o
    0x20002d38   COMPRESSED   0x00000004   Data   RW         5183    log_dynamic_data    nrf_fstorage.o
    0x20002d3c   COMPRESSED   0x00000004   Data   RW         5282    log_dynamic_data    nrf_fstorage_sd.o
    0x20002d40   COMPRESSED   0x00000004   Data   RW         5484    log_dynamic_data    nrf_pwr_mgmt.o
    0x20002d44   COMPRESSED   0x00000008   Data   RW         6106    log_dynamic_data    nrf_log_frontend.o
    0x20002d4c   COMPRESSED   0x00000004   Data   RW         6615    log_dynamic_data    nrf_sdh.o
    0x20002d50   COMPRESSED   0x00000004   Data   RW         6731    log_dynamic_data    nrf_sdh_ble.o
    0x20002d54   COMPRESSED   0x00000004   Data   RW         6781    log_dynamic_data    nrf_sdh_soc.o
    0x20002d58   COMPRESSED   0x00000004   Data   RW         7059    log_dynamic_data    event.o
    0x20002d5c        -       0x0000019b   Zero   RW           21    .bss                main.o
    0x20002ef7   COMPRESSED   0x00000001   PAD
    0x20002ef8        -       0x00000020   Zero   RW          463    .bss                led.o
    0x20002f18        -       0x00000564   Zero   RW          907    .bss                wirefeeder.o
    0x2000347c        -       0x0000006c   Zero   RW         1202    .bss                bsp.o
    0x200034e8        -       0x00000050   Zero   RW         1662    .bss                ble_conn_params.o
    0x20003538        -       0x00000078   Zero   RW         1771    .bss                ble_conn_state.o
    0x200035b0        -       0x00000014   Zero   RW         2289    .bss                nrf_drv_clock.o
    0x200035c4        -       0x0000006c   Zero   RW         2683    .bss                nrfx_gpiote.o
    0x20003630        -       0x0000002c   Zero   RW         3078    .bss                nrfx_uart.o
    0x2000365c        -       0x00000024   Zero   RW         3323    .bss                nrfx_uarte.o
    0x20003680        -       0x00000018   Zero   RW         3528    .bss                nrfx_timer.o
    0x20003698        -       0x0000010c   Zero   RW         4345    .bss                app_timer.o
    0x200037a4        -       0x00000020   Zero   RW         4544    .bss                app_uart_fifo.o
    0x200037c4        -       0x0000000c   Zero   RW         4641    .bss                app_util_platform.o
    0x200037d0        -       0x000000a0   Zero   RW         5277    .bss                nrf_fstorage_sd.o
    0x20003870        -       0x00000034   Zero   RW         5673    .bss                app_pwm.o
    0x200038a4        -       0x00000040   Zero   RW         5941    .bss                nrf_log_backend_rtt.o
    0x200038e4        -       0x000004e4   Zero   RW         6102    .bss                nrf_log_frontend.o
    0x20003dc8        -       0x00000288   Zero   RW         6366    .bss                segger_rtt.o
    0x20004050        -       0x00000328   Zero   RW         6861    .bss                mb_slave_ble.o
    0x20004378        -       0x00000ce0   Zero   RW         7054    .bss                event.o
    0x20005058        -       0x0000001c   Zero   RW         7190    .bss                event_pool.o
    0x20005074        -       0x0000052c   Zero   RW         7630    .bss                uart_init.o
    0x200055a0        -       0x00002000   Zero   RW         7707    STACK               arm_startup_nrf52840.o


==============================================================================

Image component sizes


      Code (inc. data)   RO Data    RW Data    ZI Data      Debug   Object Name

        28          0          0          0          0       2417   app_error.o
       180         42          0          0          0      30653   app_error_weak.o
       170          0          0          0          0       5890   app_fifo.o
       934         40          0          6         52      26815   app_pwm.o
      2068        242          6         20        268      53019   app_timer.o
       770        108         32         27         32      21142   app_uart_fifo.o
       200         24          0          0         12      10226   app_util_platform.o
        36          8        512          0       8192        904   arm_startup_nrf52840.o
      1732          0          0          0          0      40152   ble_advdata.o
      1152          6          0          0          0      16470   ble_advertising.o
       936         56          8          8         80      11603   ble_conn_params.o
       452         34          8          0        120       8220   ble_conn_state.o
       108          0          0          0          0       1544   ble_link_ctx_manager.o
      1208          6         32          4          0       9032   ble_nus.o
        30          0          0          0          0      23968   ble_srv_common.o
        92          6          0          0        108       6580   bsp.o
       288          8          8          8          0       3688   bsp_btn_ble.o
         0          0          0          0          0       7908   drv8432.o
         0          0          0          0          0        764   encoder.o
       474         60        138          4       3296      21540   event.o
       122         14          0          0         28      11131   event_pool.o
       152         10          4          0         32      47247   led.o
      1578        250        136         72        411     181241   main.o
        56          8        512          0          0       1363   mb_crc.o
         0          0          0          0          0       1436   mb_slave.o
      1486        148          0          4        808       8636   mb_slave_ble.o
       152         36          6          0          0       2575   motorinfo.o
      1244        186         42         14          0      13780   motormove.o
       374          0          0          0          0       8588   nrf_atfifo.o
        90          0          0          0          0       3008   nrf_atflags.o
       422          0          0          0          0       9257   nrf_atomic.o
       218          0          0          0          0       3707   nrf_balloc.o
      1210        264        205          4          0      38638   nrf_ble_gatt.o
       390          0          0          0          0       6045   nrf_ble_qwr.o
       364         48         30          4         20      38458   nrf_drv_clock.o
       252         42          0         18          0      17404   nrf_drv_uart.o
        70          0          0          0          0       3505   nrf_fprintf.o
      1018          6         16          0          0       5986   nrf_fprintf_format.o
        84         10         21          4          0       2340   nrf_fstorage.o
      1118        118         94         32        160      18869   nrf_fstorage_sd.o
       176         16         22          1         64       6501   nrf_log_backend_rtt.o
       242          0          0          0          0      10795   nrf_log_backend_serial.o
        36          4          0         12          0       3090   nrf_log_default_backends.o
      2232        130         64         24       1252      33714   nrf_log_frontend.o
       622        114        102         64          0       6016   nrf_log_str_formatter.o
       474          0          0          0          0       9527   nrf_memobj.o
         0          0         17          4          0       5213   nrf_pwr_mgmt.o
       194          0          0          0          0       9408   nrf_queue.o
       808         86        104          7          0      40922   nrf_sdh.o
       848        232        539          5          0       6483   nrf_sdh_ble.o
        84          4         56          4          0       2736   nrf_sdh_soc.o
       112          0          0          0          0       2724   nrf_section_iter.o
        92         10       1319          0          0       2651   nrf_strerror.o
       380         38         14         12          0      42386   nrfx_clock.o
      1012         72         81          4        108      58503   nrfx_gpiote.o
       448        124        255          5          0      18892   nrfx_ppi.o
       118         14         12         12          0       3785   nrfx_prs.o
       212          8         12         12          0       9890   nrfx_pwm.o
       418         32         14          4         24      18126   nrfx_timer.o
      1760         56         59          4         44      35786   nrfx_uart.o
      1584         56         62          4         36      29217   nrfx_uarte.o
       164          8          0          1          0      17237   pwm.o
       460          0          0          0          0       4651   ringbuf.o
       470         44          0          0        648       8273   segger_rtt.o
       928        110          0          4          0       6287   system_nrf52840.o
       984        274          0         20          0       3044   tml_register.o
       874        184        139          6       1324      13051   uart_init.o
      1478        292         16          0       1380      15377   wirefeeder.o

    ----------------------------------------------------------------------
     38556       3688       4808        452      18500    1150034   Object Totals
         0          0         32          0          0          0   (incl. Generated)
        88          0         79         14          1          0   (incl. Padding)

    ----------------------------------------------------------------------

      Code (inc. data)   RO Data    RW Data    ZI Data      Debug   Library Member Name

       224         30          0          0          0        172   round.o
        86          0          0          0          0          0   __dczerorl2.o
         8          4        133          0          0         68   ctype_o.o
         0          0          0          0          0          0   entry.o
         0          0          0          0          0          0   entry10a.o
         0          0          0          0          0          0   entry11a.o
         4          0          0          0          0          0   entry12b.o
         8          4          0          0          0          0   entry2.o
         4          0          0          0          0          0   entry5.o
         0          0          0          0          0          0   entry7b.o
         0          0          0          0          0          0   entry8b.o
         8          4          0          0          0          0   entry9a.o
        30          0          0          0          0          0   handlers.o
        36          8          0          0          0         68   init.o
         0          0          0          0          0          0   iusefp.o
        30          0          0          0          0         68   llshl.o
        36          0          0          0          0         68   llsshr.o
        32          0          0          0          0         68   llushr.o
        36          0          0          0          0         68   memcpya.o
        36          0          0          0          0        108   memseta.o
        18          0          0          0          0         68   strcpy.o
        14          0          0          0          0         68   strlen.o
        98          0          0          0          0         92   uldiv.o
        48          0          0          0          0         68   cdcmple.o
        48          0          0          0          0         68   cdrcmple.o
        56          0          0          0          0         88   d2f.o
       334          0          0          0          0        148   dadd.o
       222          0          0          0          0        100   ddiv.o
       186          0          0          0          0        176   depilogue.o
        50          0          0          0          0         76   dfixui.o
       228          0          0          0          0         96   dmul.o
       136          4          0          0          0         92   drnd.o
        38          0          0          0          0         68   f2d.o
       110          0          0          0          0        168   fepilogue.o

    ----------------------------------------------------------------------
      2168         54        136          0          0       2064   Library Totals
         4          0          3          0          0          0   (incl. Padding)

    ----------------------------------------------------------------------

      Code (inc. data)   RO Data    RW Data    ZI Data      Debug   Library Name

       224         30          0          0          0        172   m_wm.l
       484         20        133          0          0        744   mc_w.l
      1456          4          0          0          0       1148   mf_w.l

    ----------------------------------------------------------------------
      2168         54        136          0          0       2064   Library Totals

    ----------------------------------------------------------------------

==============================================================================


      Code (inc. data)   RO Data    RW Data    ZI Data      Debug   

     40724       3742       4944        452      18500    1099998   Grand Totals
     40724       3742       4944        108      18500    1099998   ELF Image Totals (compressed)
     40724       3742       4944        108          0          0   ROM Totals

==============================================================================

    Total RO  Size (Code + RO Data)                45668 (  44.60kB)
    Total RW  Size (RW Data + ZI Data)             18952 (  18.51kB)
    Total ROM Size (Code + RO Data + RW Data)      45776 (  44.70kB)

==============================================================================

